2026-04-10 16:48:45,398 INFO: 
Version Information: 
	PyTorch: 2.7.1+cu126
	TorchVision: 0.22.1+cu126
2026-04-10 16:48:45,398 INFO: 
  exp:[
    name: SAMamba_BoundaryLoss
    save_exp: True
    bs: 1
    total_epochs: 120
    log_interval: 1
    save_interval: 60
    test_interval: 1
    device: 0
    use_amp: True
    accum_steps: 4
    use_compile: False
    dist: False
    num_devices: 1
    total_iters: 79680
    exp_root: experiment/SAMamba_BoundaryLoss/20260410_164841
  ]
  model:[
    net:[
      type: SAMamba
    ]
    optim:[
      type: AdamW
      init_lr: 0.0005
      weight_decay: 0.0001
      betas: [0.9, 0.999]
    ]
    loss:[
      loss_1:[
        type: SoftIoULoss
        weight: 1
      ]
      loss_2:[
        type: WeightedDiceLoss
        weight: 1
      ]
      loss_3:[
        type: FocalLoss
        weight: 1
      ]
      loss_4:[
        type: BD_loss
        weight: 0.5
      ]
    ]
    lr:[
      warmup_iter: -1
      scheduler:[
        type: CosineAnnealingLR
        step_interval: iter
        eta_min: 1e-05
      ]
    ]
  ]
  dataset:[
    name: None
    train:[
      type: Dataset_aug_bac
      data_root: /mnt/c/users/ThinkPad/my_own_files/for_min/my_own_files/study/ai/dataset/NUDT-SIRST/trainval
      img_sz: 1024
      bd_loss: True
    ]
    test:[
      type: Dataset_test
      data_root: /mnt/c/users/ThinkPad/my_own_files/for_min/my_own_files/study/ai/dataset/NUDT-SIRST/test
      img_sz: 1024
      bd_loss: True
    ]
  ]
  resume:[
    net_path: None
    state_path: None
  ]

2026-04-10 16:48:49,748 INFO: load from random initialized network
2026-04-10 16:48:49,749 INFO: training from epoch: 1
2026-04-10 16:48:49,749 INFO: Start training... Total epochs: 120, Total iters: 79680
2026-04-10 16:48:49,749 INFO: Start epoch 1/120
2026-04-10 16:48:49,908 INFO: Epoch 1, Iter 1/79680, Batch 0/663
2026-04-10 16:48:57,112 INFO: Epoch 1, Iter 2/79680, Batch 1/663
2026-04-10 16:48:58,072 INFO: Epoch 1, Iter 3/79680, Batch 2/663
2026-04-10 16:48:58,803 INFO: Epoch 1, Iter 4/79680, Batch 3/663
2026-04-10 16:48:59,487 INFO: Epoch 1, Iter 5/79680, Batch 4/663
2026-04-10 16:49:00,157 INFO: Epoch 1, Iter 6/79680, Batch 5/663
2026-04-10 16:49:00,827 INFO: Epoch 1, Iter 7/79680, Batch 6/663
2026-04-10 16:49:01,533 INFO: Epoch 1, Iter 8/79680, Batch 7/663
2026-04-10 16:49:02,224 INFO: Epoch 1, Iter 9/79680, Batch 8/663
2026-04-10 16:49:02,896 INFO: Epoch 1, Iter 10/79680, Batch 9/663
2026-04-10 16:49:03,566 INFO: Epoch 1, Iter 11/79680, Batch 10/663
2026-04-10 16:49:04,255 INFO: Epoch 1, Iter 12/79680, Batch 11/663
2026-04-10 16:49:04,930 INFO: Epoch 1, Iter 13/79680, Batch 12/663
2026-04-10 16:49:05,627 INFO: Epoch 1, Iter 14/79680, Batch 13/663
2026-04-10 16:49:06,369 INFO: Epoch 1, Iter 15/79680, Batch 14/663
2026-04-10 16:49:07,090 INFO: Epoch 1, Iter 16/79680, Batch 15/663
2026-04-10 16:49:07,810 INFO: Epoch 1, Iter 17/79680, Batch 16/663
2026-04-10 16:49:08,544 INFO: Epoch 1, Iter 18/79680, Batch 17/663
2026-04-10 16:49:09,290 INFO: Epoch 1, Iter 19/79680, Batch 18/663
2026-04-10 16:49:09,966 INFO: Epoch 1, Iter 20/79680, Batch 19/663
2026-04-10 16:49:10,712 INFO: Epoch 1, Iter 21/79680, Batch 20/663
2026-04-10 16:49:11,392 INFO: Epoch 1, Iter 22/79680, Batch 21/663
2026-04-10 16:49:12,128 INFO: Epoch 1, Iter 23/79680, Batch 22/663
2026-04-10 16:49:12,783 INFO: Epoch 1, Iter 24/79680, Batch 23/663
2026-04-10 16:49:13,537 INFO: Epoch 1, Iter 25/79680, Batch 24/663
2026-04-10 16:49:14,228 INFO: Epoch 1, Iter 26/79680, Batch 25/663
2026-04-10 16:49:14,885 INFO: Epoch 1, Iter 27/79680, Batch 26/663
2026-04-10 16:49:15,588 INFO: Epoch 1, Iter 28/79680, Batch 27/663
2026-04-10 16:49:16,354 INFO: Epoch 1, Iter 29/79680, Batch 28/663
2026-04-10 16:49:17,020 INFO: Epoch 1, Iter 30/79680, Batch 29/663
2026-04-10 16:49:20,678 INFO: Epoch 1, Iter 31/79680, Batch 30/663
2026-04-10 16:49:21,377 INFO: Epoch 1, Iter 32/79680, Batch 31/663
2026-04-10 16:49:22,056 INFO: Epoch 1, Iter 33/79680, Batch 32/663
2026-04-10 16:49:22,751 INFO: Epoch 1, Iter 34/79680, Batch 33/663
2026-04-10 16:49:23,489 INFO: Epoch 1, Iter 35/79680, Batch 34/663
2026-04-10 16:49:24,237 INFO: Epoch 1, Iter 36/79680, Batch 35/663
2026-04-10 16:49:24,904 INFO: Epoch 1, Iter 37/79680, Batch 36/663
2026-04-10 16:49:25,649 INFO: Epoch 1, Iter 38/79680, Batch 37/663
2026-04-10 16:49:26,312 INFO: Epoch 1, Iter 39/79680, Batch 38/663
2026-04-10 16:49:26,990 INFO: Epoch 1, Iter 40/79680, Batch 39/663
2026-04-10 16:49:27,762 INFO: Epoch 1, Iter 41/79680, Batch 40/663
2026-04-10 16:49:28,461 INFO: Epoch 1, Iter 42/79680, Batch 41/663
2026-04-10 16:49:29,159 INFO: Epoch 1, Iter 43/79680, Batch 42/663
2026-04-10 16:49:29,885 INFO: Epoch 1, Iter 44/79680, Batch 43/663
2026-04-10 16:49:30,563 INFO: Epoch 1, Iter 45/79680, Batch 44/663
2026-04-10 16:49:31,258 INFO: Epoch 1, Iter 46/79680, Batch 45/663
2026-04-10 16:49:31,921 INFO: Epoch 1, Iter 47/79680, Batch 46/663
2026-04-10 16:49:32,662 INFO: Epoch 1, Iter 48/79680, Batch 47/663
2026-04-10 16:49:33,345 INFO: Epoch 1, Iter 49/79680, Batch 48/663
2026-04-10 16:49:34,028 INFO: Epoch 1, Iter 50/79680, Batch 49/663
2026-04-10 16:49:34,680 INFO: Epoch 1, Iter 51/79680, Batch 50/663
2026-04-10 16:49:35,331 INFO: Epoch 1, Iter 52/79680, Batch 51/663
2026-04-10 16:49:36,023 INFO: Epoch 1, Iter 53/79680, Batch 52/663
2026-04-10 16:49:36,674 INFO: Epoch 1, Iter 54/79680, Batch 53/663
2026-04-10 16:49:37,371 INFO: Epoch 1, Iter 55/79680, Batch 54/663
2026-04-10 16:49:38,141 INFO: Epoch 1, Iter 56/79680, Batch 55/663
2026-04-10 16:49:38,838 INFO: Epoch 1, Iter 57/79680, Batch 56/663
2026-04-10 16:49:39,615 INFO: Epoch 1, Iter 58/79680, Batch 57/663
2026-04-10 16:49:40,255 INFO: Epoch 1, Iter 59/79680, Batch 58/663
2026-04-10 16:49:40,919 INFO: Epoch 1, Iter 60/79680, Batch 59/663
2026-04-10 16:49:41,634 INFO: Epoch 1, Iter 61/79680, Batch 60/663
2026-04-10 16:49:42,301 INFO: Epoch 1, Iter 62/79680, Batch 61/663
2026-04-10 16:49:42,967 INFO: Epoch 1, Iter 63/79680, Batch 62/663
2026-04-10 16:49:43,719 INFO: Epoch 1, Iter 64/79680, Batch 63/663
2026-04-10 16:49:44,457 INFO: Epoch 1, Iter 65/79680, Batch 64/663
2026-04-10 16:49:45,159 INFO: Epoch 1, Iter 66/79680, Batch 65/663
2026-04-10 16:49:45,880 INFO: Epoch 1, Iter 67/79680, Batch 66/663
2026-04-10 16:49:46,645 INFO: Epoch 1, Iter 68/79680, Batch 67/663
2026-04-10 16:49:47,412 INFO: Epoch 1, Iter 69/79680, Batch 68/663
2026-04-10 16:49:48,089 INFO: Epoch 1, Iter 70/79680, Batch 69/663
2026-04-10 16:49:48,734 INFO: Epoch 1, Iter 71/79680, Batch 70/663
2026-04-10 16:49:49,410 INFO: Epoch 1, Iter 72/79680, Batch 71/663
2026-04-10 16:49:50,045 INFO: Epoch 1, Iter 73/79680, Batch 72/663
2026-04-10 16:49:50,724 INFO: Epoch 1, Iter 74/79680, Batch 73/663
2026-04-10 16:49:51,425 INFO: Epoch 1, Iter 75/79680, Batch 74/663
2026-04-10 16:49:52,106 INFO: Epoch 1, Iter 76/79680, Batch 75/663
2026-04-10 16:49:55,791 INFO: Epoch 1, Iter 77/79680, Batch 76/663
2026-04-10 16:49:56,518 INFO: Epoch 1, Iter 78/79680, Batch 77/663
2026-04-10 16:49:57,222 INFO: Epoch 1, Iter 79/79680, Batch 78/663
2026-04-10 16:49:58,057 INFO: Epoch 1, Iter 80/79680, Batch 79/663
2026-04-10 16:49:58,866 INFO: Epoch 1, Iter 81/79680, Batch 80/663
2026-04-10 16:49:59,552 INFO: Epoch 1, Iter 82/79680, Batch 81/663
2026-04-10 16:50:00,190 INFO: Epoch 1, Iter 83/79680, Batch 82/663
2026-04-10 16:50:00,868 INFO: Epoch 1, Iter 84/79680, Batch 83/663
2026-04-10 16:50:01,539 INFO: Epoch 1, Iter 85/79680, Batch 84/663
2026-04-10 16:50:02,178 INFO: Epoch 1, Iter 86/79680, Batch 85/663
2026-04-10 16:50:02,808 INFO: Epoch 1, Iter 87/79680, Batch 86/663
2026-04-10 16:50:03,451 INFO: Epoch 1, Iter 88/79680, Batch 87/663
2026-04-10 16:50:04,082 INFO: Epoch 1, Iter 89/79680, Batch 88/663
2026-04-10 16:50:04,726 INFO: Epoch 1, Iter 90/79680, Batch 89/663
2026-04-10 16:50:05,369 INFO: Epoch 1, Iter 91/79680, Batch 90/663
2026-04-10 16:50:06,026 INFO: Epoch 1, Iter 92/79680, Batch 91/663
2026-04-10 16:50:06,701 INFO: Epoch 1, Iter 93/79680, Batch 92/663
2026-04-10 16:50:07,358 INFO: Epoch 1, Iter 94/79680, Batch 93/663
2026-04-10 16:50:08,025 INFO: Epoch 1, Iter 95/79680, Batch 94/663
2026-04-10 16:50:08,651 INFO: Epoch 1, Iter 96/79680, Batch 95/663
2026-04-10 16:50:09,274 INFO: Epoch 1, Iter 97/79680, Batch 96/663
2026-04-10 16:50:09,904 INFO: Epoch 1, Iter 98/79680, Batch 97/663
2026-04-10 16:50:10,567 INFO: Epoch 1, Iter 99/79680, Batch 98/663
2026-04-10 16:50:11,209 INFO: Epoch 1, Iter 100/79680, Batch 99/663
2026-04-10 16:50:11,869 INFO: Epoch 1, Iter 101/79680, Batch 100/663
2026-04-10 16:50:12,559 INFO: Epoch 1, Iter 102/79680, Batch 101/663
2026-04-10 16:50:13,200 INFO: Epoch 1, Iter 103/79680, Batch 102/663
2026-04-10 16:50:13,846 INFO: Epoch 1, Iter 104/79680, Batch 103/663
2026-04-10 16:50:14,526 INFO: Epoch 1, Iter 105/79680, Batch 104/663
2026-04-10 16:50:15,217 INFO: Epoch 1, Iter 106/79680, Batch 105/663
2026-04-10 16:50:15,863 INFO: Epoch 1, Iter 107/79680, Batch 106/663
2026-04-10 16:50:16,521 INFO: Epoch 1, Iter 108/79680, Batch 107/663
2026-04-10 16:50:17,189 INFO: Epoch 1, Iter 109/79680, Batch 108/663
2026-04-10 16:50:17,848 INFO: Epoch 1, Iter 110/79680, Batch 109/663
2026-04-10 16:50:18,473 INFO: Epoch 1, Iter 111/79680, Batch 110/663
2026-04-10 16:50:19,098 INFO: Epoch 1, Iter 112/79680, Batch 111/663
2026-04-10 16:50:19,746 INFO: Epoch 1, Iter 113/79680, Batch 112/663
2026-04-10 16:50:20,372 INFO: Epoch 1, Iter 114/79680, Batch 113/663
2026-04-10 16:50:21,013 INFO: Epoch 1, Iter 115/79680, Batch 114/663
2026-04-10 16:50:21,638 INFO: Epoch 1, Iter 116/79680, Batch 115/663
2026-04-10 16:50:22,262 INFO: Epoch 1, Iter 117/79680, Batch 116/663
2026-04-10 16:50:22,928 INFO: Epoch 1, Iter 118/79680, Batch 117/663
2026-04-10 16:50:23,564 INFO: Epoch 1, Iter 119/79680, Batch 118/663
2026-04-10 16:50:24,256 INFO: Epoch 1, Iter 120/79680, Batch 119/663
2026-04-10 16:50:24,933 INFO: Epoch 1, Iter 121/79680, Batch 120/663
2026-04-10 16:50:25,589 INFO: Epoch 1, Iter 122/79680, Batch 121/663
2026-04-10 16:50:26,227 INFO: Epoch 1, Iter 123/79680, Batch 122/663
2026-04-10 16:50:26,844 INFO: Epoch 1, Iter 124/79680, Batch 123/663
2026-04-10 16:50:27,509 INFO: Epoch 1, Iter 125/79680, Batch 124/663
2026-04-10 16:50:31,070 INFO: Epoch 1, Iter 126/79680, Batch 125/663
2026-04-10 16:50:31,723 INFO: Epoch 1, Iter 127/79680, Batch 126/663
2026-04-10 16:50:32,353 INFO: Epoch 1, Iter 128/79680, Batch 127/663
2026-04-10 16:50:32,995 INFO: Epoch 1, Iter 129/79680, Batch 128/663
2026-04-10 16:50:33,631 INFO: Epoch 1, Iter 130/79680, Batch 129/663
2026-04-10 16:50:34,279 INFO: Epoch 1, Iter 131/79680, Batch 130/663
2026-04-10 16:50:34,915 INFO: Epoch 1, Iter 132/79680, Batch 131/663
2026-04-10 16:50:35,641 INFO: Epoch 1, Iter 133/79680, Batch 132/663
2026-04-10 16:50:36,329 INFO: Epoch 1, Iter 134/79680, Batch 133/663
2026-04-10 16:50:36,964 INFO: Epoch 1, Iter 135/79680, Batch 134/663
2026-04-10 16:50:37,618 INFO: Epoch 1, Iter 136/79680, Batch 135/663
2026-04-10 16:50:38,270 INFO: Epoch 1, Iter 137/79680, Batch 136/663
2026-04-10 16:50:38,966 INFO: Epoch 1, Iter 138/79680, Batch 137/663
2026-04-10 16:50:39,597 INFO: Epoch 1, Iter 139/79680, Batch 138/663
2026-04-10 16:50:40,253 INFO: Epoch 1, Iter 140/79680, Batch 139/663
2026-04-10 16:50:40,939 INFO: Epoch 1, Iter 141/79680, Batch 140/663
2026-04-10 16:50:41,615 INFO: Epoch 1, Iter 142/79680, Batch 141/663
2026-04-10 16:50:42,250 INFO: Epoch 1, Iter 143/79680, Batch 142/663
2026-04-10 16:50:42,902 INFO: Epoch 1, Iter 144/79680, Batch 143/663
2026-04-10 16:50:43,530 INFO: Epoch 1, Iter 145/79680, Batch 144/663
2026-04-10 16:50:44,174 INFO: Epoch 1, Iter 146/79680, Batch 145/663
2026-04-10 16:50:44,884 INFO: Epoch 1, Iter 147/79680, Batch 146/663
2026-04-10 16:50:45,549 INFO: Epoch 1, Iter 148/79680, Batch 147/663
2026-04-10 16:50:46,191 INFO: Epoch 1, Iter 149/79680, Batch 148/663
2026-04-10 16:50:46,824 INFO: Epoch 1, Iter 150/79680, Batch 149/663
2026-04-10 16:50:47,470 INFO: Epoch 1, Iter 151/79680, Batch 150/663
2026-04-10 16:50:48,121 INFO: Epoch 1, Iter 152/79680, Batch 151/663
2026-04-10 16:50:48,779 INFO: Epoch 1, Iter 153/79680, Batch 152/663
2026-04-10 16:50:49,464 INFO: Epoch 1, Iter 154/79680, Batch 153/663
2026-04-10 16:50:50,132 INFO: Epoch 1, Iter 155/79680, Batch 154/663
2026-04-10 16:50:50,776 INFO: Epoch 1, Iter 156/79680, Batch 155/663
2026-04-10 16:50:51,420 INFO: Epoch 1, Iter 157/79680, Batch 156/663
2026-04-10 16:50:52,145 INFO: Epoch 1, Iter 158/79680, Batch 157/663
2026-04-10 16:50:52,794 INFO: Epoch 1, Iter 159/79680, Batch 158/663
2026-04-10 16:50:53,422 INFO: Epoch 1, Iter 160/79680, Batch 159/663
2026-04-10 16:50:54,054 INFO: Epoch 1, Iter 161/79680, Batch 160/663
2026-04-10 16:50:54,743 INFO: Epoch 1, Iter 162/79680, Batch 161/663
2026-04-10 16:50:55,397 INFO: Epoch 1, Iter 163/79680, Batch 162/663
2026-04-10 16:50:56,059 INFO: Epoch 1, Iter 164/79680, Batch 163/663
2026-04-10 16:50:56,811 INFO: Epoch 1, Iter 165/79680, Batch 164/663
2026-04-10 16:50:57,448 INFO: Epoch 1, Iter 166/79680, Batch 165/663
2026-04-10 16:50:58,143 INFO: Epoch 1, Iter 167/79680, Batch 166/663
2026-04-10 16:50:58,778 INFO: Epoch 1, Iter 168/79680, Batch 167/663
2026-04-10 16:50:59,426 INFO: Epoch 1, Iter 169/79680, Batch 168/663
2026-04-10 16:51:00,120 INFO: Epoch 1, Iter 170/79680, Batch 169/663
2026-04-10 16:51:00,776 INFO: Epoch 1, Iter 171/79680, Batch 170/663
2026-04-10 16:51:01,471 INFO: Epoch 1, Iter 172/79680, Batch 171/663
2026-04-10 16:51:02,122 INFO: Epoch 1, Iter 173/79680, Batch 172/663
2026-04-10 16:51:05,673 INFO: Epoch 1, Iter 174/79680, Batch 173/663
2026-04-10 16:51:06,347 INFO: Epoch 1, Iter 175/79680, Batch 174/663
2026-04-10 16:51:07,003 INFO: Epoch 1, Iter 176/79680, Batch 175/663
2026-04-10 16:51:07,651 INFO: Epoch 1, Iter 177/79680, Batch 176/663
2026-04-10 16:51:08,335 INFO: Epoch 1, Iter 178/79680, Batch 177/663
2026-04-10 16:51:08,976 INFO: Epoch 1, Iter 179/79680, Batch 178/663
2026-04-10 16:51:09,687 INFO: Epoch 1, Iter 180/79680, Batch 179/663
2026-04-10 16:51:10,332 INFO: Epoch 1, Iter 181/79680, Batch 180/663
2026-04-10 16:51:10,960 INFO: Epoch 1, Iter 182/79680, Batch 181/663
2026-04-10 16:51:11,632 INFO: Epoch 1, Iter 183/79680, Batch 182/663
2026-04-10 16:51:12,259 INFO: Epoch 1, Iter 184/79680, Batch 183/663
2026-04-10 16:51:12,921 INFO: Epoch 1, Iter 185/79680, Batch 184/663
2026-04-10 16:51:13,616 INFO: Epoch 1, Iter 186/79680, Batch 185/663
2026-04-10 16:51:14,342 INFO: Epoch 1, Iter 187/79680, Batch 186/663
2026-04-10 16:51:15,030 INFO: Epoch 1, Iter 188/79680, Batch 187/663
2026-04-10 16:51:15,680 INFO: Epoch 1, Iter 189/79680, Batch 188/663
2026-04-10 16:51:16,321 INFO: Epoch 1, Iter 190/79680, Batch 189/663
2026-04-10 16:51:16,995 INFO: Epoch 1, Iter 191/79680, Batch 190/663
2026-04-10 16:51:17,692 INFO: Epoch 1, Iter 192/79680, Batch 191/663
2026-04-10 16:51:18,341 INFO: Epoch 1, Iter 193/79680, Batch 192/663
2026-04-10 16:51:19,015 INFO: Epoch 1, Iter 194/79680, Batch 193/663
2026-04-10 16:51:19,730 INFO: Epoch 1, Iter 195/79680, Batch 194/663
2026-04-10 16:51:20,429 INFO: Epoch 1, Iter 196/79680, Batch 195/663
2026-04-10 16:51:21,100 INFO: Epoch 1, Iter 197/79680, Batch 196/663
2026-04-10 16:51:21,741 INFO: Epoch 1, Iter 198/79680, Batch 197/663
2026-04-10 16:51:22,394 INFO: Epoch 1, Iter 199/79680, Batch 198/663
2026-04-10 16:51:23,050 INFO: Epoch 1, Iter 200/79680, Batch 199/663
2026-04-10 16:51:23,705 INFO: Epoch 1, Iter 201/79680, Batch 200/663
2026-04-10 16:51:24,401 INFO: Epoch 1, Iter 202/79680, Batch 201/663
2026-04-10 16:51:25,042 INFO: Epoch 1, Iter 203/79680, Batch 202/663
2026-04-10 16:51:25,722 INFO: Epoch 1, Iter 204/79680, Batch 203/663
2026-04-10 16:51:26,405 INFO: Epoch 1, Iter 205/79680, Batch 204/663
2026-04-10 16:51:27,085 INFO: Epoch 1, Iter 206/79680, Batch 205/663
2026-04-10 16:51:27,786 INFO: Epoch 1, Iter 207/79680, Batch 206/663
2026-04-10 16:51:28,533 INFO: Epoch 1, Iter 208/79680, Batch 207/663
2026-04-10 16:51:29,217 INFO: Epoch 1, Iter 209/79680, Batch 208/663
2026-04-10 16:51:29,936 INFO: Epoch 1, Iter 210/79680, Batch 209/663
2026-04-10 16:51:30,589 INFO: Epoch 1, Iter 211/79680, Batch 210/663
2026-04-10 16:51:31,259 INFO: Epoch 1, Iter 212/79680, Batch 211/663
2026-04-10 16:51:32,041 INFO: Epoch 1, Iter 213/79680, Batch 212/663
2026-04-10 16:51:32,727 INFO: Epoch 1, Iter 214/79680, Batch 213/663
2026-04-10 16:51:33,426 INFO: Epoch 1, Iter 215/79680, Batch 214/663
2026-04-10 16:51:34,164 INFO: Epoch 1, Iter 216/79680, Batch 215/663
2026-04-10 16:51:34,853 INFO: Epoch 1, Iter 217/79680, Batch 216/663
2026-04-10 16:51:35,591 INFO: Epoch 1, Iter 218/79680, Batch 217/663
2026-04-10 16:51:36,318 INFO: Epoch 1, Iter 219/79680, Batch 218/663
2026-04-10 16:51:36,986 INFO: Epoch 1, Iter 220/79680, Batch 219/663
2026-04-10 16:51:37,653 INFO: Epoch 1, Iter 221/79680, Batch 220/663
2026-04-10 16:51:41,286 INFO: Epoch 1, Iter 222/79680, Batch 221/663
2026-04-10 16:51:41,985 INFO: Epoch 1, Iter 223/79680, Batch 222/663
2026-04-10 16:51:42,665 INFO: Epoch 1, Iter 224/79680, Batch 223/663
2026-04-10 16:51:43,328 INFO: Epoch 1, Iter 225/79680, Batch 224/663
2026-04-10 16:51:44,100 INFO: Epoch 1, Iter 226/79680, Batch 225/663
2026-04-10 16:51:44,828 INFO: Epoch 1, Iter 227/79680, Batch 226/663
2026-04-10 16:51:45,602 INFO: Epoch 1, Iter 228/79680, Batch 227/663
2026-04-10 16:51:46,286 INFO: Epoch 1, Iter 229/79680, Batch 228/663
2026-04-10 16:51:46,987 INFO: Epoch 1, Iter 230/79680, Batch 229/663
2026-04-10 16:51:47,655 INFO: Epoch 1, Iter 231/79680, Batch 230/663
2026-04-10 16:51:48,361 INFO: Epoch 1, Iter 232/79680, Batch 231/663
2026-04-10 16:51:49,111 INFO: Epoch 1, Iter 233/79680, Batch 232/663
2026-04-10 16:51:49,786 INFO: Epoch 1, Iter 234/79680, Batch 233/663
2026-04-10 16:51:50,486 INFO: Epoch 1, Iter 235/79680, Batch 234/663
2026-04-10 16:51:51,199 INFO: Epoch 1, Iter 236/79680, Batch 235/663
2026-04-10 16:51:51,880 INFO: Epoch 1, Iter 237/79680, Batch 236/663
2026-04-10 16:51:52,605 INFO: Epoch 1, Iter 238/79680, Batch 237/663
2026-04-10 16:51:53,313 INFO: Epoch 1, Iter 239/79680, Batch 238/663
2026-04-10 16:51:53,967 INFO: Epoch 1, Iter 240/79680, Batch 239/663
2026-04-10 16:51:54,623 INFO: Epoch 1, Iter 241/79680, Batch 240/663
2026-04-10 16:51:55,264 INFO: Epoch 1, Iter 242/79680, Batch 241/663
2026-04-10 16:51:55,886 INFO: Epoch 1, Iter 243/79680, Batch 242/663
2026-04-10 16:51:56,666 INFO: Epoch 1, Iter 244/79680, Batch 243/663
2026-04-10 16:51:57,634 INFO: Epoch 1, Iter 245/79680, Batch 244/663
2026-04-10 16:51:58,321 INFO: Epoch 1, Iter 246/79680, Batch 245/663
2026-04-10 16:51:59,035 INFO: Epoch 1, Iter 247/79680, Batch 246/663
2026-04-10 16:51:59,742 INFO: Epoch 1, Iter 248/79680, Batch 247/663
2026-04-10 16:52:00,418 INFO: Epoch 1, Iter 249/79680, Batch 248/663
2026-04-10 16:52:01,177 INFO: Epoch 1, Iter 250/79680, Batch 249/663
2026-04-10 16:52:01,839 INFO: Epoch 1, Iter 251/79680, Batch 250/663
2026-04-10 16:52:02,515 INFO: Epoch 1, Iter 252/79680, Batch 251/663
2026-04-10 16:52:03,244 INFO: Epoch 1, Iter 253/79680, Batch 252/663
2026-04-10 16:52:03,959 INFO: Epoch 1, Iter 254/79680, Batch 253/663
2026-04-10 16:52:04,647 INFO: Epoch 1, Iter 255/79680, Batch 254/663
2026-04-10 16:52:05,328 INFO: Epoch 1, Iter 256/79680, Batch 255/663
2026-04-10 16:52:06,067 INFO: Epoch 1, Iter 257/79680, Batch 256/663
2026-04-10 16:52:06,752 INFO: Epoch 1, Iter 258/79680, Batch 257/663
2026-04-10 16:52:07,419 INFO: Epoch 1, Iter 259/79680, Batch 258/663
2026-04-10 16:52:08,090 INFO: Epoch 1, Iter 260/79680, Batch 259/663
2026-04-10 16:52:08,825 INFO: Epoch 1, Iter 261/79680, Batch 260/663
