2026-04-10 17:46:40,216 INFO: 
Version Information: 
	PyTorch: 2.7.1+cu126
	TorchVision: 0.22.1+cu126
2026-04-10 17:46:40,217 INFO: 
  exp:[
    name: SAMamba_LargerBackbone
    save_exp: True
    bs: 1
    total_epochs: 120
    log_interval: 1
    save_interval: 60
    test_interval: 1
    device: 1
    nw: 4
    use_amp: True
    accum_steps: 4
    use_compile: False
    pin_memory: True
    prefetch_factor: 4
    channels_last: True
    dist: False
    num_devices: 1
    total_iters: 79680
    exp_root: experiment/SAMamba_LargerBackbone/20260410_174639
  ]
  model:[
    net:[
      type: SAMamba
      checkpoint_path: /mnt/c/users/ThinkPad/my_own_files/work/projects/paper/IRSTD/projects/SAMamba-main/models/sam2_hiera_base_plus.pt
    ]
    optim:[
      type: AdamW
      init_lr: 0.0005
      weight_decay: 0.0001
      betas: [0.9, 0.999]
    ]
    loss:[
      loss_1:[
        type: SoftIoULoss
        weight: 1
      ]
      loss_2:[
        type: WeightedDiceLoss
        weight: 1
      ]
      loss_3:[
        type: FocalLoss
        weight: 1
      ]
    ]
    lr:[
      warmup_iter: -1
      scheduler:[
        type: CosineAnnealingLR
        step_interval: iter
        eta_min: 1e-05
      ]
    ]
  ]
  dataset:[
    name: None
    train:[
      type: Dataset_aug_bac
      data_root: /mnt/c/users/ThinkPad/my_own_files/for_min/my_own_files/study/ai/dataset/NUDT-SIRST/trainval
      img_sz: 1024
    ]
    test:[
      type: Dataset_test
      data_root: /mnt/c/users/ThinkPad/my_own_files/for_min/my_own_files/study/ai/dataset/NUDT-SIRST/test
      img_sz: 1024
    ]
  ]
  resume:[
    net_path: None
    state_path: None
  ]

2026-04-10 17:46:40,322 INFO: Using channels_last memory format
2026-04-10 17:46:43,801 INFO: load from random initialized network
2026-04-10 17:46:43,802 INFO: training from epoch: 1
2026-04-10 17:46:43,802 INFO: Start training... Total epochs: 120, Total iters: 79680
2026-04-10 17:46:43,803 INFO: Start epoch 1/120
2026-04-10 17:46:44,037 INFO: Epoch 1, Iter 1/79680, Batch 0/663
2026-04-10 17:46:50,281 INFO: Epoch 1, Iter 2/79680, Batch 1/663
2026-04-10 17:46:50,926 INFO: Epoch 1, Iter 3/79680, Batch 2/663
2026-04-10 17:46:51,452 INFO: Epoch 1, Iter 4/79680, Batch 3/663
2026-04-10 17:46:52,035 INFO: Epoch 1, Iter 5/79680, Batch 4/663
2026-04-10 17:46:52,550 INFO: Epoch 1, Iter 6/79680, Batch 5/663
2026-04-10 17:46:53,070 INFO: Epoch 1, Iter 7/79680, Batch 6/663
2026-04-10 17:46:53,593 INFO: Epoch 1, Iter 8/79680, Batch 7/663
2026-04-10 17:46:54,120 INFO: Epoch 1, Iter 9/79680, Batch 8/663
2026-04-10 17:46:54,649 INFO: Epoch 1, Iter 10/79680, Batch 9/663
2026-04-10 17:46:55,179 INFO: Epoch 1, Iter 11/79680, Batch 10/663
2026-04-10 17:46:55,708 INFO: Epoch 1, Iter 12/79680, Batch 11/663
2026-04-10 17:46:56,319 INFO: Epoch 1, Iter 13/79680, Batch 12/663
2026-04-10 17:46:56,942 INFO: Epoch 1, Iter 14/79680, Batch 13/663
2026-04-10 17:46:57,472 INFO: Epoch 1, Iter 15/79680, Batch 14/663
2026-04-10 17:46:58,004 INFO: Epoch 1, Iter 16/79680, Batch 15/663
2026-04-10 17:46:58,530 INFO: Epoch 1, Iter 17/79680, Batch 16/663
2026-04-10 17:46:59,035 INFO: Epoch 1, Iter 18/79680, Batch 17/663
2026-04-10 17:46:59,541 INFO: Epoch 1, Iter 19/79680, Batch 18/663
2026-04-10 17:47:00,045 INFO: Epoch 1, Iter 20/79680, Batch 19/663
2026-04-10 17:47:00,553 INFO: Epoch 1, Iter 21/79680, Batch 20/663
2026-04-10 17:47:01,057 INFO: Epoch 1, Iter 22/79680, Batch 21/663
2026-04-10 17:47:01,565 INFO: Epoch 1, Iter 23/79680, Batch 22/663
2026-04-10 17:47:02,067 INFO: Epoch 1, Iter 24/79680, Batch 23/663
2026-04-10 17:47:02,580 INFO: Epoch 1, Iter 25/79680, Batch 24/663
2026-04-10 17:47:05,995 INFO: Epoch 1, Iter 26/79680, Batch 25/663
2026-04-10 17:47:06,506 INFO: Epoch 1, Iter 27/79680, Batch 26/663
2026-04-10 17:47:07,015 INFO: Epoch 1, Iter 28/79680, Batch 27/663
2026-04-10 17:47:07,525 INFO: Epoch 1, Iter 29/79680, Batch 28/663
2026-04-10 17:47:08,027 INFO: Epoch 1, Iter 30/79680, Batch 29/663
2026-04-10 17:47:08,538 INFO: Epoch 1, Iter 31/79680, Batch 30/663
2026-04-10 17:47:09,045 INFO: Epoch 1, Iter 32/79680, Batch 31/663
2026-04-10 17:47:09,552 INFO: Epoch 1, Iter 33/79680, Batch 32/663
2026-04-10 17:47:10,060 INFO: Epoch 1, Iter 34/79680, Batch 33/663
2026-04-10 17:47:10,570 INFO: Epoch 1, Iter 35/79680, Batch 34/663
2026-04-10 17:47:11,076 INFO: Epoch 1, Iter 36/79680, Batch 35/663
2026-04-10 17:47:11,584 INFO: Epoch 1, Iter 37/79680, Batch 36/663
2026-04-10 17:47:12,101 INFO: Epoch 1, Iter 38/79680, Batch 37/663
2026-04-10 17:47:12,605 INFO: Epoch 1, Iter 39/79680, Batch 38/663
2026-04-10 17:47:13,177 INFO: Epoch 1, Iter 40/79680, Batch 39/663
2026-04-10 17:47:13,797 INFO: Epoch 1, Iter 41/79680, Batch 40/663
2026-04-10 17:47:14,404 INFO: Epoch 1, Iter 42/79680, Batch 41/663
2026-04-10 17:47:14,943 INFO: Epoch 1, Iter 43/79680, Batch 42/663
2026-04-10 17:47:15,450 INFO: Epoch 1, Iter 44/79680, Batch 43/663
2026-04-10 17:47:15,950 INFO: Epoch 1, Iter 45/79680, Batch 44/663
2026-04-10 17:47:16,444 INFO: Epoch 1, Iter 46/79680, Batch 45/663
2026-04-10 17:47:16,940 INFO: Epoch 1, Iter 47/79680, Batch 46/663
2026-04-10 17:47:17,442 INFO: Epoch 1, Iter 48/79680, Batch 47/663
2026-04-10 17:47:17,942 INFO: Epoch 1, Iter 49/79680, Batch 48/663
2026-04-10 17:47:18,437 INFO: Epoch 1, Iter 50/79680, Batch 49/663
2026-04-10 17:47:18,933 INFO: Epoch 1, Iter 51/79680, Batch 50/663
2026-04-10 17:47:19,427 INFO: Epoch 1, Iter 52/79680, Batch 51/663
2026-04-10 17:47:19,928 INFO: Epoch 1, Iter 53/79680, Batch 52/663
2026-04-10 17:47:20,447 INFO: Epoch 1, Iter 54/79680, Batch 53/663
2026-04-10 17:47:20,943 INFO: Epoch 1, Iter 55/79680, Batch 54/663
2026-04-10 17:47:21,443 INFO: Epoch 1, Iter 56/79680, Batch 55/663
2026-04-10 17:47:21,944 INFO: Epoch 1, Iter 57/79680, Batch 56/663
2026-04-10 17:47:22,438 INFO: Epoch 1, Iter 58/79680, Batch 57/663
2026-04-10 17:47:22,940 INFO: Epoch 1, Iter 59/79680, Batch 58/663
2026-04-10 17:47:23,441 INFO: Epoch 1, Iter 60/79680, Batch 59/663
2026-04-10 17:47:23,939 INFO: Epoch 1, Iter 61/79680, Batch 60/663
2026-04-10 17:47:24,438 INFO: Epoch 1, Iter 62/79680, Batch 61/663
2026-04-10 17:47:24,939 INFO: Epoch 1, Iter 63/79680, Batch 62/663
2026-04-10 17:47:25,433 INFO: Epoch 1, Iter 64/79680, Batch 63/663
2026-04-10 17:47:25,937 INFO: Epoch 1, Iter 65/79680, Batch 64/663
2026-04-10 17:47:26,436 INFO: Epoch 1, Iter 66/79680, Batch 65/663
2026-04-10 17:47:26,938 INFO: Epoch 1, Iter 67/79680, Batch 66/663
2026-04-10 17:47:27,434 INFO: Epoch 1, Iter 68/79680, Batch 67/663
2026-04-10 17:47:27,933 INFO: Epoch 1, Iter 69/79680, Batch 68/663
2026-04-10 17:47:28,424 INFO: Epoch 1, Iter 70/79680, Batch 69/663
2026-04-10 17:47:28,925 INFO: Epoch 1, Iter 71/79680, Batch 70/663
2026-04-10 17:47:29,419 INFO: Epoch 1, Iter 72/79680, Batch 71/663
2026-04-10 17:47:29,943 INFO: Epoch 1, Iter 73/79680, Batch 72/663
2026-04-10 17:47:30,436 INFO: Epoch 1, Iter 74/79680, Batch 73/663
2026-04-10 17:47:30,939 INFO: Epoch 1, Iter 75/79680, Batch 74/663
2026-04-10 17:47:31,435 INFO: Epoch 1, Iter 76/79680, Batch 75/663
2026-04-10 17:47:31,936 INFO: Epoch 1, Iter 77/79680, Batch 76/663
2026-04-10 17:47:32,432 INFO: Epoch 1, Iter 78/79680, Batch 77/663
2026-04-10 17:47:32,929 INFO: Epoch 1, Iter 79/79680, Batch 78/663
2026-04-10 17:47:33,426 INFO: Epoch 1, Iter 80/79680, Batch 79/663
2026-04-10 17:47:33,926 INFO: Epoch 1, Iter 81/79680, Batch 80/663
2026-04-10 17:47:34,428 INFO: Epoch 1, Iter 82/79680, Batch 81/663
2026-04-10 17:47:34,929 INFO: Epoch 1, Iter 83/79680, Batch 82/663
2026-04-10 17:47:35,426 INFO: Epoch 1, Iter 84/79680, Batch 83/663
2026-04-10 17:47:35,925 INFO: Epoch 1, Iter 85/79680, Batch 84/663
2026-04-10 17:47:36,424 INFO: Epoch 1, Iter 86/79680, Batch 85/663
2026-04-10 17:47:36,924 INFO: Epoch 1, Iter 87/79680, Batch 86/663
2026-04-10 17:47:37,420 INFO: Epoch 1, Iter 88/79680, Batch 87/663
2026-04-10 17:47:37,925 INFO: Epoch 1, Iter 89/79680, Batch 88/663
2026-04-10 17:47:41,393 INFO: Epoch 1, Iter 90/79680, Batch 89/663
2026-04-10 17:47:41,901 INFO: Epoch 1, Iter 91/79680, Batch 90/663
2026-04-10 17:47:42,402 INFO: Epoch 1, Iter 92/79680, Batch 91/663
2026-04-10 17:47:42,902 INFO: Epoch 1, Iter 93/79680, Batch 92/663
2026-04-10 17:47:43,398 INFO: Epoch 1, Iter 94/79680, Batch 93/663
2026-04-10 17:47:43,896 INFO: Epoch 1, Iter 95/79680, Batch 94/663
2026-04-10 17:47:44,396 INFO: Epoch 1, Iter 96/79680, Batch 95/663
2026-04-10 17:47:44,898 INFO: Epoch 1, Iter 97/79680, Batch 96/663
2026-04-10 17:47:45,409 INFO: Epoch 1, Iter 98/79680, Batch 97/663
2026-04-10 17:47:45,903 INFO: Epoch 1, Iter 99/79680, Batch 98/663
2026-04-10 17:47:46,400 INFO: Epoch 1, Iter 100/79680, Batch 99/663
2026-04-10 17:47:46,907 INFO: Epoch 1, Iter 101/79680, Batch 100/663
2026-04-10 17:47:47,407 INFO: Epoch 1, Iter 102/79680, Batch 101/663
2026-04-10 17:47:47,905 INFO: Epoch 1, Iter 103/79680, Batch 102/663
2026-04-10 17:47:48,406 INFO: Epoch 1, Iter 104/79680, Batch 103/663
2026-04-10 17:47:48,906 INFO: Epoch 1, Iter 105/79680, Batch 104/663
2026-04-10 17:47:49,427 INFO: Epoch 1, Iter 106/79680, Batch 105/663
2026-04-10 17:47:49,923 INFO: Epoch 1, Iter 107/79680, Batch 106/663
2026-04-10 17:47:50,433 INFO: Epoch 1, Iter 108/79680, Batch 107/663
2026-04-10 17:47:50,935 INFO: Epoch 1, Iter 109/79680, Batch 108/663
2026-04-10 17:47:51,433 INFO: Epoch 1, Iter 110/79680, Batch 109/663
2026-04-10 17:47:51,933 INFO: Epoch 1, Iter 111/79680, Batch 110/663
2026-04-10 17:47:52,436 INFO: Epoch 1, Iter 112/79680, Batch 111/663
2026-04-10 17:47:52,939 INFO: Epoch 1, Iter 113/79680, Batch 112/663
2026-04-10 17:47:53,443 INFO: Epoch 1, Iter 114/79680, Batch 113/663
2026-04-10 17:47:53,939 INFO: Epoch 1, Iter 115/79680, Batch 114/663
2026-04-10 17:47:54,445 INFO: Epoch 1, Iter 116/79680, Batch 115/663
2026-04-10 17:47:54,947 INFO: Epoch 1, Iter 117/79680, Batch 116/663
2026-04-10 17:47:55,447 INFO: Epoch 1, Iter 118/79680, Batch 117/663
2026-04-10 17:47:55,953 INFO: Epoch 1, Iter 119/79680, Batch 118/663
2026-04-10 17:47:56,460 INFO: Epoch 1, Iter 120/79680, Batch 119/663
2026-04-10 17:47:57,054 INFO: Epoch 1, Iter 121/79680, Batch 120/663
2026-04-10 17:47:57,625 INFO: Epoch 1, Iter 122/79680, Batch 121/663
2026-04-10 17:47:58,128 INFO: Epoch 1, Iter 123/79680, Batch 122/663
2026-04-10 17:47:58,628 INFO: Epoch 1, Iter 124/79680, Batch 123/663
2026-04-10 17:47:59,133 INFO: Epoch 1, Iter 125/79680, Batch 124/663
2026-04-10 17:47:59,631 INFO: Epoch 1, Iter 126/79680, Batch 125/663
2026-04-10 17:48:00,135 INFO: Epoch 1, Iter 127/79680, Batch 126/663
2026-04-10 17:48:00,638 INFO: Epoch 1, Iter 128/79680, Batch 127/663
2026-04-10 17:48:01,141 INFO: Epoch 1, Iter 129/79680, Batch 128/663
2026-04-10 17:48:01,642 INFO: Epoch 1, Iter 130/79680, Batch 129/663
2026-04-10 17:48:02,147 INFO: Epoch 1, Iter 131/79680, Batch 130/663
2026-04-10 17:48:02,654 INFO: Epoch 1, Iter 132/79680, Batch 131/663
2026-04-10 17:48:03,159 INFO: Epoch 1, Iter 133/79680, Batch 132/663
2026-04-10 17:48:03,656 INFO: Epoch 1, Iter 134/79680, Batch 133/663
2026-04-10 17:48:04,159 INFO: Epoch 1, Iter 135/79680, Batch 134/663
2026-04-10 17:48:04,662 INFO: Epoch 1, Iter 136/79680, Batch 135/663
2026-04-10 17:48:05,166 INFO: Epoch 1, Iter 137/79680, Batch 136/663
2026-04-10 17:48:05,671 INFO: Epoch 1, Iter 138/79680, Batch 137/663
2026-04-10 17:48:06,169 INFO: Epoch 1, Iter 139/79680, Batch 138/663
2026-04-10 17:48:06,670 INFO: Epoch 1, Iter 140/79680, Batch 139/663
2026-04-10 17:48:07,183 INFO: Epoch 1, Iter 141/79680, Batch 140/663
2026-04-10 17:48:07,688 INFO: Epoch 1, Iter 142/79680, Batch 141/663
2026-04-10 17:48:08,191 INFO: Epoch 1, Iter 143/79680, Batch 142/663
2026-04-10 17:48:08,691 INFO: Epoch 1, Iter 144/79680, Batch 143/663
2026-04-10 17:48:09,207 INFO: Epoch 1, Iter 145/79680, Batch 144/663
2026-04-10 17:48:09,705 INFO: Epoch 1, Iter 146/79680, Batch 145/663
2026-04-10 17:48:10,207 INFO: Epoch 1, Iter 147/79680, Batch 146/663
2026-04-10 17:48:10,709 INFO: Epoch 1, Iter 148/79680, Batch 147/663
2026-04-10 17:48:11,213 INFO: Epoch 1, Iter 149/79680, Batch 148/663
2026-04-10 17:48:11,716 INFO: Epoch 1, Iter 150/79680, Batch 149/663
2026-04-10 17:48:12,227 INFO: Epoch 1, Iter 151/79680, Batch 150/663
2026-04-10 17:48:12,735 INFO: Epoch 1, Iter 152/79680, Batch 151/663
2026-04-10 17:48:16,141 INFO: Epoch 1, Iter 153/79680, Batch 152/663
2026-04-10 17:48:16,647 INFO: Epoch 1, Iter 154/79680, Batch 153/663
2026-04-10 17:48:17,157 INFO: Epoch 1, Iter 155/79680, Batch 154/663
2026-04-10 17:48:17,659 INFO: Epoch 1, Iter 156/79680, Batch 155/663
2026-04-10 17:48:18,173 INFO: Epoch 1, Iter 157/79680, Batch 156/663
2026-04-10 17:48:18,678 INFO: Epoch 1, Iter 158/79680, Batch 157/663
2026-04-10 17:48:19,181 INFO: Epoch 1, Iter 159/79680, Batch 158/663
2026-04-10 17:48:19,700 INFO: Epoch 1, Iter 160/79680, Batch 159/663
2026-04-10 17:48:20,218 INFO: Epoch 1, Iter 161/79680, Batch 160/663
2026-04-10 17:48:20,725 INFO: Epoch 1, Iter 162/79680, Batch 161/663
2026-04-10 17:48:21,228 INFO: Epoch 1, Iter 163/79680, Batch 162/663
2026-04-10 17:48:21,729 INFO: Epoch 1, Iter 164/79680, Batch 163/663
2026-04-10 17:48:22,232 INFO: Epoch 1, Iter 165/79680, Batch 164/663
2026-04-10 17:48:22,819 INFO: Epoch 1, Iter 166/79680, Batch 165/663
2026-04-10 17:48:23,416 INFO: Epoch 1, Iter 167/79680, Batch 166/663
2026-04-10 17:48:23,985 INFO: Epoch 1, Iter 168/79680, Batch 167/663
