2026-04-10 17:48:38,005 INFO: 
Version Information: 
	PyTorch: 2.7.1+cu126
	TorchVision: 0.22.1+cu126
2026-04-10 17:48:38,006 INFO: 
  exp:[
    name: SAMamba_TTA
    save_exp: True
    bs: 1
    total_epochs: 120
    log_interval: 1
    save_interval: 60
    test_interval: 1
    device: 0
    nw: 4
    use_amp: True
    accum_steps: 4
    use_compile: False
    pin_memory: True
    prefetch_factor: 4
    channels_last: True
    tta:[
      enabled: True
      transforms: ['original', 'hflip', 'vflip']
      merge_mode: mean
    ]
    dist: False
    num_devices: 1
    total_iters: 79680
    exp_root: experiment/SAMamba_TTA/20260410_174836
  ]
  model:[
    net:[
      type: SAMamba
    ]
    optim:[
      type: AdamW
      init_lr: 0.0005
      weight_decay: 0.0001
      betas: [0.9, 0.999]
    ]
    loss:[
      loss_1:[
        type: SoftIoULoss
        weight: 1
      ]
      loss_2:[
        type: WeightedDiceLoss
        weight: 1
      ]
      loss_3:[
        type: FocalLoss
        weight: 1
      ]
    ]
    lr:[
      warmup_iter: -1
      scheduler:[
        type: CosineAnnealingLR
        step_interval: iter
        eta_min: 1e-05
      ]
    ]
  ]
  dataset:[
    name: None
    train:[
      type: Dataset_aug_bac
      data_root: /mnt/c/users/ThinkPad/my_own_files/for_min/my_own_files/study/ai/dataset/NUDT-SIRST/trainval
      img_sz: 1024
    ]
    test:[
      type: Dataset_test
      data_root: /mnt/c/users/ThinkPad/my_own_files/for_min/my_own_files/study/ai/dataset/NUDT-SIRST/test
      img_sz: 1024
    ]
  ]
  resume:[
    net_path: /mnt/c/users/ThinkPad/my_own_files/work/projects/paper/IRSTD/projects/SAMamba-main/models/net_best_irstd.pth
    state_path: None
  ]

2026-04-10 17:48:38,114 INFO: Using channels_last memory format
2026-04-10 17:48:41,622 INFO: Loading SAMamba model from /mnt/c/users/ThinkPad/my_own_files/work/projects/paper/IRSTD/projects/SAMamba-main/models/net_best_irstd.pth.
2026-04-10 17:48:42,569 WARNING: Current net - loaded net:
2026-04-10 17:48:42,570 WARNING:   encoder.bn1.bias
2026-04-10 17:48:42,574 WARNING:   encoder.bn1.num_batches_tracked
2026-04-10 17:48:42,575 WARNING:   encoder.bn1.running_mean
2026-04-10 17:48:42,575 WARNING:   encoder.bn1.running_var
2026-04-10 17:48:42,575 WARNING:   encoder.bn1.weight
2026-04-10 17:48:42,576 WARNING:   encoder.bn2.bias
2026-04-10 17:48:42,576 WARNING:   encoder.bn2.num_batches_tracked
2026-04-10 17:48:42,576 WARNING:   encoder.bn2.running_mean
2026-04-10 17:48:42,577 WARNING:   encoder.bn2.running_var
2026-04-10 17:48:42,577 WARNING:   encoder.bn2.weight
2026-04-10 17:48:42,577 WARNING:   encoder.bn3.bias
2026-04-10 17:48:42,577 WARNING:   encoder.bn3.num_batches_tracked
2026-04-10 17:48:42,577 WARNING:   encoder.bn3.running_mean
2026-04-10 17:48:42,578 WARNING:   encoder.bn3.running_var
2026-04-10 17:48:42,578 WARNING:   encoder.bn3.weight
2026-04-10 17:48:42,578 WARNING:   encoder.bn4.bias
2026-04-10 17:48:42,578 WARNING:   encoder.bn4.num_batches_tracked
2026-04-10 17:48:42,578 WARNING:   encoder.bn4.running_mean
2026-04-10 17:48:42,578 WARNING:   encoder.bn4.running_var
2026-04-10 17:48:42,578 WARNING:   encoder.bn4.weight
2026-04-10 17:48:42,579 WARNING:   encoder.conv1.bias
2026-04-10 17:48:42,579 WARNING:   encoder.conv1.weight
2026-04-10 17:48:42,579 WARNING:   encoder.conv2.bias
2026-04-10 17:48:42,579 WARNING:   encoder.conv2.weight
2026-04-10 17:48:42,579 WARNING:   encoder.conv3.bias
2026-04-10 17:48:42,579 WARNING:   encoder.conv3.weight
2026-04-10 17:48:42,580 WARNING:   encoder.conv4.bias
2026-04-10 17:48:42,580 WARNING:   encoder.conv4.weight
2026-04-10 17:48:42,580 WARNING: Loaded net - current net:
2026-04-10 17:48:42,580 WARNING:   encoder.blocks.0.block.attn.proj.bias
2026-04-10 17:48:42,580 WARNING:   encoder.blocks.0.block.attn.proj.weight
2026-04-10 17:48:42,581 WARNING:   encoder.blocks.0.block.attn.qkv.bias
2026-04-10 17:48:42,581 WARNING:   encoder.blocks.0.block.attn.qkv.weight
2026-04-10 17:48:42,581 WARNING:   encoder.blocks.0.block.mlp.layers.0.bias
2026-04-10 17:48:42,581 WARNING:   encoder.blocks.0.block.mlp.layers.0.weight
2026-04-10 17:48:42,581 WARNING:   encoder.blocks.0.block.mlp.layers.1.bias
2026-04-10 17:48:42,581 WARNING:   encoder.blocks.0.block.mlp.layers.1.weight
2026-04-10 17:48:42,581 WARNING:   encoder.blocks.0.block.norm1.bias
2026-04-10 17:48:42,582 WARNING:   encoder.blocks.0.block.norm1.weight
2026-04-10 17:48:42,582 WARNING:   encoder.blocks.0.block.norm2.bias
2026-04-10 17:48:42,582 WARNING:   encoder.blocks.0.block.norm2.weight
2026-04-10 17:48:42,582 WARNING:   encoder.blocks.0.monaOp.projector.bias
2026-04-10 17:48:42,582 WARNING:   encoder.blocks.0.monaOp.projector.weight
2026-04-10 17:48:42,582 WARNING:   encoder.blocks.0.monaOp.prompt
2026-04-10 17:48:42,582 WARNING:   encoder.blocks.0.monaOp.top_down_transform
2026-04-10 17:48:42,583 WARNING:   encoder.blocks.1.block.attn.proj.bias
2026-04-10 17:48:42,583 WARNING:   encoder.blocks.1.block.attn.proj.weight
2026-04-10 17:48:42,583 WARNING:   encoder.blocks.1.block.attn.qkv.bias
2026-04-10 17:48:42,583 WARNING:   encoder.blocks.1.block.attn.qkv.weight
2026-04-10 17:48:42,583 WARNING:   encoder.blocks.1.block.mlp.layers.0.bias
2026-04-10 17:48:42,583 WARNING:   encoder.blocks.1.block.mlp.layers.0.weight
2026-04-10 17:48:42,583 WARNING:   encoder.blocks.1.block.mlp.layers.1.bias
2026-04-10 17:48:42,584 WARNING:   encoder.blocks.1.block.mlp.layers.1.weight
2026-04-10 17:48:42,584 WARNING:   encoder.blocks.1.block.norm1.bias
2026-04-10 17:48:42,584 WARNING:   encoder.blocks.1.block.norm1.weight
2026-04-10 17:48:42,584 WARNING:   encoder.blocks.1.block.norm2.bias
2026-04-10 17:48:42,584 WARNING:   encoder.blocks.1.block.norm2.weight
2026-04-10 17:48:42,584 WARNING:   encoder.blocks.1.block.proj.bias
2026-04-10 17:48:42,584 WARNING:   encoder.blocks.1.block.proj.weight
2026-04-10 17:48:42,585 WARNING:   encoder.blocks.1.monaOp.projector.bias
2026-04-10 17:48:42,585 WARNING:   encoder.blocks.1.monaOp.projector.weight
2026-04-10 17:48:42,585 WARNING:   encoder.blocks.1.monaOp.prompt
2026-04-10 17:48:42,585 WARNING:   encoder.blocks.1.monaOp.top_down_transform
2026-04-10 17:48:42,585 WARNING:   encoder.blocks.10.block.attn.proj.bias
2026-04-10 17:48:42,585 WARNING:   encoder.blocks.10.block.attn.proj.weight
2026-04-10 17:48:42,585 WARNING:   encoder.blocks.10.block.attn.qkv.bias
2026-04-10 17:48:42,585 WARNING:   encoder.blocks.10.block.attn.qkv.weight
2026-04-10 17:48:42,586 WARNING:   encoder.blocks.10.block.mlp.layers.0.bias
2026-04-10 17:48:42,586 WARNING:   encoder.blocks.10.block.mlp.layers.0.weight
2026-04-10 17:48:42,586 WARNING:   encoder.blocks.10.block.mlp.layers.1.bias
2026-04-10 17:48:42,586 WARNING:   encoder.blocks.10.block.mlp.layers.1.weight
2026-04-10 17:48:42,586 WARNING:   encoder.blocks.10.block.norm1.bias
2026-04-10 17:48:42,586 WARNING:   encoder.blocks.10.block.norm1.weight
2026-04-10 17:48:42,586 WARNING:   encoder.blocks.10.block.norm2.bias
2026-04-10 17:48:42,587 WARNING:   encoder.blocks.10.block.norm2.weight
2026-04-10 17:48:42,587 WARNING:   encoder.blocks.10.monaOp.projector.bias
2026-04-10 17:48:42,587 WARNING:   encoder.blocks.10.monaOp.projector.weight
2026-04-10 17:48:42,587 WARNING:   encoder.blocks.10.monaOp.prompt
2026-04-10 17:48:42,587 WARNING:   encoder.blocks.10.monaOp.top_down_transform
2026-04-10 17:48:42,587 WARNING:   encoder.blocks.11.block.attn.proj.bias
2026-04-10 17:48:42,587 WARNING:   encoder.blocks.11.block.attn.proj.weight
2026-04-10 17:48:42,587 WARNING:   encoder.blocks.11.block.attn.qkv.bias
2026-04-10 17:48:42,588 WARNING:   encoder.blocks.11.block.attn.qkv.weight
2026-04-10 17:48:42,588 WARNING:   encoder.blocks.11.block.mlp.layers.0.bias
2026-04-10 17:48:42,588 WARNING:   encoder.blocks.11.block.mlp.layers.0.weight
2026-04-10 17:48:42,588 WARNING:   encoder.blocks.11.block.mlp.layers.1.bias
2026-04-10 17:48:42,588 WARNING:   encoder.blocks.11.block.mlp.layers.1.weight
2026-04-10 17:48:42,588 WARNING:   encoder.blocks.11.block.norm1.bias
2026-04-10 17:48:42,588 WARNING:   encoder.blocks.11.block.norm1.weight
2026-04-10 17:48:42,588 WARNING:   encoder.blocks.11.block.norm2.bias
2026-04-10 17:48:42,589 WARNING:   encoder.blocks.11.block.norm2.weight
2026-04-10 17:48:42,589 WARNING:   encoder.blocks.11.monaOp.projector.bias
2026-04-10 17:48:42,589 WARNING:   encoder.blocks.11.monaOp.projector.weight
2026-04-10 17:48:42,589 WARNING:   encoder.blocks.11.monaOp.prompt
2026-04-10 17:48:42,589 WARNING:   encoder.blocks.11.monaOp.top_down_transform
2026-04-10 17:48:42,589 WARNING:   encoder.blocks.12.block.attn.proj.bias
2026-04-10 17:48:42,589 WARNING:   encoder.blocks.12.block.attn.proj.weight
2026-04-10 17:48:42,589 WARNING:   encoder.blocks.12.block.attn.qkv.bias
2026-04-10 17:48:42,590 WARNING:   encoder.blocks.12.block.attn.qkv.weight
2026-04-10 17:48:42,590 WARNING:   encoder.blocks.12.block.mlp.layers.0.bias
2026-04-10 17:48:42,590 WARNING:   encoder.blocks.12.block.mlp.layers.0.weight
2026-04-10 17:48:42,590 WARNING:   encoder.blocks.12.block.mlp.layers.1.bias
2026-04-10 17:48:42,590 WARNING:   encoder.blocks.12.block.mlp.layers.1.weight
2026-04-10 17:48:42,590 WARNING:   encoder.blocks.12.block.norm1.bias
2026-04-10 17:48:42,590 WARNING:   encoder.blocks.12.block.norm1.weight
2026-04-10 17:48:42,591 WARNING:   encoder.blocks.12.block.norm2.bias
2026-04-10 17:48:42,591 WARNING:   encoder.blocks.12.block.norm2.weight
2026-04-10 17:48:42,591 WARNING:   encoder.blocks.12.monaOp.projector.bias
2026-04-10 17:48:42,591 WARNING:   encoder.blocks.12.monaOp.projector.weight
2026-04-10 17:48:42,591 WARNING:   encoder.blocks.12.monaOp.prompt
2026-04-10 17:48:42,591 WARNING:   encoder.blocks.12.monaOp.top_down_transform
2026-04-10 17:48:42,591 WARNING:   encoder.blocks.13.block.attn.proj.bias
2026-04-10 17:48:42,591 WARNING:   encoder.blocks.13.block.attn.proj.weight
2026-04-10 17:48:42,592 WARNING:   encoder.blocks.13.block.attn.qkv.bias
2026-04-10 17:48:42,592 WARNING:   encoder.blocks.13.block.attn.qkv.weight
2026-04-10 17:48:42,592 WARNING:   encoder.blocks.13.block.mlp.layers.0.bias
2026-04-10 17:48:42,592 WARNING:   encoder.blocks.13.block.mlp.layers.0.weight
2026-04-10 17:48:42,592 WARNING:   encoder.blocks.13.block.mlp.layers.1.bias
2026-04-10 17:48:42,592 WARNING:   encoder.blocks.13.block.mlp.layers.1.weight
2026-04-10 17:48:42,592 WARNING:   encoder.blocks.13.block.norm1.bias
2026-04-10 17:48:42,593 WARNING:   encoder.blocks.13.block.norm1.weight
2026-04-10 17:48:42,593 WARNING:   encoder.blocks.13.block.norm2.bias
2026-04-10 17:48:42,593 WARNING:   encoder.blocks.13.block.norm2.weight
2026-04-10 17:48:42,593 WARNING:   encoder.blocks.13.monaOp.projector.bias
2026-04-10 17:48:42,593 WARNING:   encoder.blocks.13.monaOp.projector.weight
2026-04-10 17:48:42,593 WARNING:   encoder.blocks.13.monaOp.prompt
2026-04-10 17:48:42,593 WARNING:   encoder.blocks.13.monaOp.top_down_transform
2026-04-10 17:48:42,594 WARNING:   encoder.blocks.14.block.attn.proj.bias
2026-04-10 17:48:42,594 WARNING:   encoder.blocks.14.block.attn.proj.weight
2026-04-10 17:48:42,594 WARNING:   encoder.blocks.14.block.attn.qkv.bias
2026-04-10 17:48:42,594 WARNING:   encoder.blocks.14.block.attn.qkv.weight
2026-04-10 17:48:42,594 WARNING:   encoder.blocks.14.block.mlp.layers.0.bias
2026-04-10 17:48:42,594 WARNING:   encoder.blocks.14.block.mlp.layers.0.weight
2026-04-10 17:48:42,595 WARNING:   encoder.blocks.14.block.mlp.layers.1.bias
2026-04-10 17:48:42,595 WARNING:   encoder.blocks.14.block.mlp.layers.1.weight
2026-04-10 17:48:42,595 WARNING:   encoder.blocks.14.block.norm1.bias
2026-04-10 17:48:42,595 WARNING:   encoder.blocks.14.block.norm1.weight
2026-04-10 17:48:42,595 WARNING:   encoder.blocks.14.block.norm2.bias
2026-04-10 17:48:42,596 WARNING:   encoder.blocks.14.block.norm2.weight
2026-04-10 17:48:42,596 WARNING:   encoder.blocks.14.block.proj.bias
2026-04-10 17:48:42,596 WARNING:   encoder.blocks.14.block.proj.weight
2026-04-10 17:48:42,596 WARNING:   encoder.blocks.14.monaOp.projector.bias
2026-04-10 17:48:42,596 WARNING:   encoder.blocks.14.monaOp.projector.weight
2026-04-10 17:48:42,596 WARNING:   encoder.blocks.14.monaOp.prompt
2026-04-10 17:48:42,597 WARNING:   encoder.blocks.14.monaOp.top_down_transform
2026-04-10 17:48:42,597 WARNING:   encoder.blocks.15.block.attn.proj.bias
2026-04-10 17:48:42,597 WARNING:   encoder.blocks.15.block.attn.proj.weight
2026-04-10 17:48:42,597 WARNING:   encoder.blocks.15.block.attn.qkv.bias
2026-04-10 17:48:42,597 WARNING:   encoder.blocks.15.block.attn.qkv.weight
2026-04-10 17:48:42,597 WARNING:   encoder.blocks.15.block.mlp.layers.0.bias
2026-04-10 17:48:42,597 WARNING:   encoder.blocks.15.block.mlp.layers.0.weight
2026-04-10 17:48:42,597 WARNING:   encoder.blocks.15.block.mlp.layers.1.bias
2026-04-10 17:48:42,598 WARNING:   encoder.blocks.15.block.mlp.layers.1.weight
2026-04-10 17:48:42,598 WARNING:   encoder.blocks.15.block.norm1.bias
2026-04-10 17:48:42,598 WARNING:   encoder.blocks.15.block.norm1.weight
2026-04-10 17:48:42,598 WARNING:   encoder.blocks.15.block.norm2.bias
2026-04-10 17:48:42,598 WARNING:   encoder.blocks.15.block.norm2.weight
2026-04-10 17:48:42,598 WARNING:   encoder.blocks.15.monaOp.projector.bias
2026-04-10 17:48:42,598 WARNING:   encoder.blocks.15.monaOp.projector.weight
2026-04-10 17:48:42,598 WARNING:   encoder.blocks.15.monaOp.prompt
2026-04-10 17:48:42,599 WARNING:   encoder.blocks.15.monaOp.top_down_transform
2026-04-10 17:48:42,599 WARNING:   encoder.blocks.2.block.attn.proj.bias
2026-04-10 17:48:42,599 WARNING:   encoder.blocks.2.block.attn.proj.weight
2026-04-10 17:48:42,599 WARNING:   encoder.blocks.2.block.attn.qkv.bias
2026-04-10 17:48:42,599 WARNING:   encoder.blocks.2.block.attn.qkv.weight
2026-04-10 17:48:42,599 WARNING:   encoder.blocks.2.block.mlp.layers.0.bias
2026-04-10 17:48:42,599 WARNING:   encoder.blocks.2.block.mlp.layers.0.weight
2026-04-10 17:48:42,599 WARNING:   encoder.blocks.2.block.mlp.layers.1.bias
2026-04-10 17:48:42,600 WARNING:   encoder.blocks.2.block.mlp.layers.1.weight
2026-04-10 17:48:42,600 WARNING:   encoder.blocks.2.block.norm1.bias
2026-04-10 17:48:42,600 WARNING:   encoder.blocks.2.block.norm1.weight
2026-04-10 17:48:42,600 WARNING:   encoder.blocks.2.block.norm2.bias
2026-04-10 17:48:42,600 WARNING:   encoder.blocks.2.block.norm2.weight
2026-04-10 17:48:42,600 WARNING:   encoder.blocks.2.monaOp.projector.bias
2026-04-10 17:48:42,600 WARNING:   encoder.blocks.2.monaOp.projector.weight
2026-04-10 17:48:42,601 WARNING:   encoder.blocks.2.monaOp.prompt
2026-04-10 17:48:42,601 WARNING:   encoder.blocks.2.monaOp.top_down_transform
2026-04-10 17:48:42,601 WARNING:   encoder.blocks.3.block.attn.proj.bias
2026-04-10 17:48:42,601 WARNING:   encoder.blocks.3.block.attn.proj.weight
2026-04-10 17:48:42,601 WARNING:   encoder.blocks.3.block.attn.qkv.bias
2026-04-10 17:48:42,601 WARNING:   encoder.blocks.3.block.attn.qkv.weight
2026-04-10 17:48:42,601 WARNING:   encoder.blocks.3.block.mlp.layers.0.bias
2026-04-10 17:48:42,601 WARNING:   encoder.blocks.3.block.mlp.layers.0.weight
2026-04-10 17:48:42,602 WARNING:   encoder.blocks.3.block.mlp.layers.1.bias
2026-04-10 17:48:42,602 WARNING:   encoder.blocks.3.block.mlp.layers.1.weight
2026-04-10 17:48:42,602 WARNING:   encoder.blocks.3.block.norm1.bias
2026-04-10 17:48:42,602 WARNING:   encoder.blocks.3.block.norm1.weight
2026-04-10 17:48:42,602 WARNING:   encoder.blocks.3.block.norm2.bias
2026-04-10 17:48:42,602 WARNING:   encoder.blocks.3.block.norm2.weight
2026-04-10 17:48:42,602 WARNING:   encoder.blocks.3.block.proj.bias
2026-04-10 17:48:42,603 WARNING:   encoder.blocks.3.block.proj.weight
2026-04-10 17:48:42,603 WARNING:   encoder.blocks.3.monaOp.projector.bias
2026-04-10 17:48:42,603 WARNING:   encoder.blocks.3.monaOp.projector.weight
2026-04-10 17:48:42,603 WARNING:   encoder.blocks.3.monaOp.prompt
2026-04-10 17:48:42,604 WARNING:   encoder.blocks.3.monaOp.top_down_transform
2026-04-10 17:48:42,604 WARNING:   encoder.blocks.4.block.attn.proj.bias
2026-04-10 17:48:42,604 WARNING:   encoder.blocks.4.block.attn.proj.weight
2026-04-10 17:48:42,604 WARNING:   encoder.blocks.4.block.attn.qkv.bias
2026-04-10 17:48:42,604 WARNING:   encoder.blocks.4.block.attn.qkv.weight
2026-04-10 17:48:42,604 WARNING:   encoder.blocks.4.block.mlp.layers.0.bias
2026-04-10 17:48:42,605 WARNING:   encoder.blocks.4.block.mlp.layers.0.weight
2026-04-10 17:48:42,605 WARNING:   encoder.blocks.4.block.mlp.layers.1.bias
2026-04-10 17:48:42,605 WARNING:   encoder.blocks.4.block.mlp.layers.1.weight
2026-04-10 17:48:42,605 WARNING:   encoder.blocks.4.block.norm1.bias
2026-04-10 17:48:42,605 WARNING:   encoder.blocks.4.block.norm1.weight
2026-04-10 17:48:42,605 WARNING:   encoder.blocks.4.block.norm2.bias
2026-04-10 17:48:42,606 WARNING:   encoder.blocks.4.block.norm2.weight
2026-04-10 17:48:42,606 WARNING:   encoder.blocks.4.monaOp.projector.bias
2026-04-10 17:48:42,606 WARNING:   encoder.blocks.4.monaOp.projector.weight
2026-04-10 17:48:42,606 WARNING:   encoder.blocks.4.monaOp.prompt
2026-04-10 17:48:42,606 WARNING:   encoder.blocks.4.monaOp.top_down_transform
2026-04-10 17:48:42,606 WARNING:   encoder.blocks.5.block.attn.proj.bias
2026-04-10 17:48:42,606 WARNING:   encoder.blocks.5.block.attn.proj.weight
2026-04-10 17:48:42,607 WARNING:   encoder.blocks.5.block.attn.qkv.bias
2026-04-10 17:48:42,607 WARNING:   encoder.blocks.5.block.attn.qkv.weight
2026-04-10 17:48:42,607 WARNING:   encoder.blocks.5.block.mlp.layers.0.bias
2026-04-10 17:48:42,607 WARNING:   encoder.blocks.5.block.mlp.layers.0.weight
2026-04-10 17:48:42,607 WARNING:   encoder.blocks.5.block.mlp.layers.1.bias
2026-04-10 17:48:42,607 WARNING:   encoder.blocks.5.block.mlp.layers.1.weight
2026-04-10 17:48:42,608 WARNING:   encoder.blocks.5.block.norm1.bias
2026-04-10 17:48:42,608 WARNING:   encoder.blocks.5.block.norm1.weight
2026-04-10 17:48:42,608 WARNING:   encoder.blocks.5.block.norm2.bias
2026-04-10 17:48:42,609 WARNING:   encoder.blocks.5.block.norm2.weight
2026-04-10 17:48:42,609 WARNING:   encoder.blocks.5.monaOp.projector.bias
2026-04-10 17:48:42,609 WARNING:   encoder.blocks.5.monaOp.projector.weight
2026-04-10 17:48:42,609 WARNING:   encoder.blocks.5.monaOp.prompt
2026-04-10 17:48:42,609 WARNING:   encoder.blocks.5.monaOp.top_down_transform
2026-04-10 17:48:42,609 WARNING:   encoder.blocks.6.block.attn.proj.bias
2026-04-10 17:48:42,610 WARNING:   encoder.blocks.6.block.attn.proj.weight
2026-04-10 17:48:42,610 WARNING:   encoder.blocks.6.block.attn.qkv.bias
2026-04-10 17:48:42,610 WARNING:   encoder.blocks.6.block.attn.qkv.weight
2026-04-10 17:48:42,610 WARNING:   encoder.blocks.6.block.mlp.layers.0.bias
2026-04-10 17:48:42,610 WARNING:   encoder.blocks.6.block.mlp.layers.0.weight
2026-04-10 17:48:42,611 WARNING:   encoder.blocks.6.block.mlp.layers.1.bias
2026-04-10 17:48:42,611 WARNING:   encoder.blocks.6.block.mlp.layers.1.weight
2026-04-10 17:48:42,611 WARNING:   encoder.blocks.6.block.norm1.bias
2026-04-10 17:48:42,611 WARNING:   encoder.blocks.6.block.norm1.weight
2026-04-10 17:48:42,611 WARNING:   encoder.blocks.6.block.norm2.bias
2026-04-10 17:48:42,612 WARNING:   encoder.blocks.6.block.norm2.weight
2026-04-10 17:48:42,612 WARNING:   encoder.blocks.6.monaOp.projector.bias
2026-04-10 17:48:42,612 WARNING:   encoder.blocks.6.monaOp.projector.weight
2026-04-10 17:48:42,612 WARNING:   encoder.blocks.6.monaOp.prompt
2026-04-10 17:48:42,612 WARNING:   encoder.blocks.6.monaOp.top_down_transform
2026-04-10 17:48:42,612 WARNING:   encoder.blocks.7.block.attn.proj.bias
2026-04-10 17:48:42,613 WARNING:   encoder.blocks.7.block.attn.proj.weight
2026-04-10 17:48:42,613 WARNING:   encoder.blocks.7.block.attn.qkv.bias
2026-04-10 17:48:42,613 WARNING:   encoder.blocks.7.block.attn.qkv.weight
2026-04-10 17:48:42,613 WARNING:   encoder.blocks.7.block.mlp.layers.0.bias
2026-04-10 17:48:42,613 WARNING:   encoder.blocks.7.block.mlp.layers.0.weight
2026-04-10 17:48:42,613 WARNING:   encoder.blocks.7.block.mlp.layers.1.bias
2026-04-10 17:48:42,613 WARNING:   encoder.blocks.7.block.mlp.layers.1.weight
2026-04-10 17:48:42,614 WARNING:   encoder.blocks.7.block.norm1.bias
2026-04-10 17:48:42,614 WARNING:   encoder.blocks.7.block.norm1.weight
2026-04-10 17:48:42,614 WARNING:   encoder.blocks.7.block.norm2.bias
2026-04-10 17:48:42,614 WARNING:   encoder.blocks.7.block.norm2.weight
2026-04-10 17:48:42,614 WARNING:   encoder.blocks.7.monaOp.projector.bias
2026-04-10 17:48:42,614 WARNING:   encoder.blocks.7.monaOp.projector.weight
2026-04-10 17:48:42,615 WARNING:   encoder.blocks.7.monaOp.prompt
2026-04-10 17:48:42,615 WARNING:   encoder.blocks.7.monaOp.top_down_transform
2026-04-10 17:48:42,615 WARNING:   encoder.blocks.8.block.attn.proj.bias
2026-04-10 17:48:42,615 WARNING:   encoder.blocks.8.block.attn.proj.weight
2026-04-10 17:48:42,615 WARNING:   encoder.blocks.8.block.attn.qkv.bias
2026-04-10 17:48:42,615 WARNING:   encoder.blocks.8.block.attn.qkv.weight
2026-04-10 17:48:42,615 WARNING:   encoder.blocks.8.block.mlp.layers.0.bias
2026-04-10 17:48:42,616 WARNING:   encoder.blocks.8.block.mlp.layers.0.weight
2026-04-10 17:48:42,616 WARNING:   encoder.blocks.8.block.mlp.layers.1.bias
2026-04-10 17:48:42,616 WARNING:   encoder.blocks.8.block.mlp.layers.1.weight
2026-04-10 17:48:42,616 WARNING:   encoder.blocks.8.block.norm1.bias
2026-04-10 17:48:42,616 WARNING:   encoder.blocks.8.block.norm1.weight
2026-04-10 17:48:42,616 WARNING:   encoder.blocks.8.block.norm2.bias
2026-04-10 17:48:42,617 WARNING:   encoder.blocks.8.block.norm2.weight
2026-04-10 17:48:42,617 WARNING:   encoder.blocks.8.monaOp.projector.bias
2026-04-10 17:48:42,617 WARNING:   encoder.blocks.8.monaOp.projector.weight
2026-04-10 17:48:42,617 WARNING:   encoder.blocks.8.monaOp.prompt
2026-04-10 17:48:42,617 WARNING:   encoder.blocks.8.monaOp.top_down_transform
2026-04-10 17:48:42,618 WARNING:   encoder.blocks.9.block.attn.proj.bias
2026-04-10 17:48:42,618 WARNING:   encoder.blocks.9.block.attn.proj.weight
2026-04-10 17:48:42,618 WARNING:   encoder.blocks.9.block.attn.qkv.bias
2026-04-10 17:48:42,618 WARNING:   encoder.blocks.9.block.attn.qkv.weight
2026-04-10 17:48:42,618 WARNING:   encoder.blocks.9.block.mlp.layers.0.bias
2026-04-10 17:48:42,619 WARNING:   encoder.blocks.9.block.mlp.layers.0.weight
2026-04-10 17:48:42,619 WARNING:   encoder.blocks.9.block.mlp.layers.1.bias
2026-04-10 17:48:42,619 WARNING:   encoder.blocks.9.block.mlp.layers.1.weight
2026-04-10 17:48:42,619 WARNING:   encoder.blocks.9.block.norm1.bias
2026-04-10 17:48:42,619 WARNING:   encoder.blocks.9.block.norm1.weight
2026-04-10 17:48:42,620 WARNING:   encoder.blocks.9.block.norm2.bias
2026-04-10 17:48:42,620 WARNING:   encoder.blocks.9.block.norm2.weight
2026-04-10 17:48:42,620 WARNING:   encoder.blocks.9.monaOp.projector.bias
2026-04-10 17:48:42,620 WARNING:   encoder.blocks.9.monaOp.projector.weight
2026-04-10 17:48:42,620 WARNING:   encoder.blocks.9.monaOp.prompt
2026-04-10 17:48:42,620 WARNING:   encoder.blocks.9.monaOp.top_down_transform
2026-04-10 17:48:42,621 WARNING:   encoder.patch_embed.proj.bias
2026-04-10 17:48:42,621 WARNING:   encoder.patch_embed.proj.weight
2026-04-10 17:48:42,621 WARNING:   encoder.pos_embed
2026-04-10 17:48:42,621 WARNING:   encoder.pos_embed_window
2026-04-10 17:48:42,640 INFO: load pretrained network from: /mnt/c/users/ThinkPad/my_own_files/work/projects/paper/IRSTD/projects/SAMamba-main/models/net_best_irstd.pth
2026-04-10 17:48:42,641 INFO: training from epoch: 1
2026-04-10 17:48:42,641 INFO: Start training... Total epochs: 120, Total iters: 79680
2026-04-10 17:48:42,641 INFO: Start epoch 1/120
2026-04-10 17:48:42,900 INFO: Epoch 1, Iter 1/79680, Batch 0/663
2026-04-10 17:48:51,768 INFO: Epoch 1, Iter 2/79680, Batch 1/663
2026-04-10 17:48:52,391 INFO: Epoch 1, Iter 3/79680, Batch 2/663
2026-04-10 17:48:52,885 INFO: Epoch 1, Iter 4/79680, Batch 3/663
2026-04-10 17:48:53,438 INFO: Epoch 1, Iter 5/79680, Batch 4/663
2026-04-10 17:48:53,930 INFO: Epoch 1, Iter 6/79680, Batch 5/663
2026-04-10 17:48:54,423 INFO: Epoch 1, Iter 7/79680, Batch 6/663
2026-04-10 17:48:54,923 INFO: Epoch 1, Iter 8/79680, Batch 7/663
2026-04-10 17:48:55,422 INFO: Epoch 1, Iter 9/79680, Batch 8/663
2026-04-10 17:48:55,913 INFO: Epoch 1, Iter 10/79680, Batch 9/663
2026-04-10 17:48:56,408 INFO: Epoch 1, Iter 11/79680, Batch 10/663
2026-04-10 17:48:56,906 INFO: Epoch 1, Iter 12/79680, Batch 11/663
2026-04-10 17:48:57,439 INFO: Epoch 1, Iter 13/79680, Batch 12/663
2026-04-10 17:48:58,060 INFO: Epoch 1, Iter 14/79680, Batch 13/663
2026-04-10 17:48:58,596 INFO: Epoch 1, Iter 15/79680, Batch 14/663
2026-04-10 17:48:59,094 INFO: Epoch 1, Iter 16/79680, Batch 15/663
2026-04-10 17:48:59,586 INFO: Epoch 1, Iter 17/79680, Batch 16/663
2026-04-10 17:49:00,085 INFO: Epoch 1, Iter 18/79680, Batch 17/663
2026-04-10 17:49:00,578 INFO: Epoch 1, Iter 19/79680, Batch 18/663
