2026-04-10 17:16:51,433 INFO: 
Version Information: 
	PyTorch: 2.7.1+cu126
	TorchVision: 0.22.1+cu126
2026-04-10 17:16:51,434 INFO: 
  exp:[
    name: SAMamba
    save_exp: True
    bs: 2
    total_epochs: 120
    log_interval: 1
    save_interval: 60
    test_interval: 1
    device: 1
    nw: 4
    use_amp: True
    accum_steps: 4
    use_compile: False
    pin_memory: True
    prefetch_factor: 4
    channels_last: True
    dist: False
    num_devices: 1
    total_iters: 39840
    exp_root: experiment/SAMamba/20260410_171650
  ]
  model:[
    net:[
      type: SAMamba
    ]
    optim:[
      type: AdamW
      init_lr: 0.0005
      weight_decay: 0.0001
      betas: [0.9, 0.999]
    ]
    loss:[
      loss_1:[
        type: SoftIoULoss
        weight: 1
      ]
      loss_2:[
        type: WeightedDiceLoss
        weight: 1
      ]
      loss_3:[
        type: FocalLoss
        weight: 1
      ]
    ]
    lr:[
      warmup_iter: -1
      scheduler:[
        type: CosineAnnealingLR
        step_interval: iter
        eta_min: 1e-05
      ]
    ]
  ]
  dataset:[
    name: None
    train:[
      type: Dataset_aug_bac
      data_root: /mnt/c/users/ThinkPad/my_own_files/for_min/my_own_files/study/ai/dataset/NUDT-SIRST/trainval
      img_sz: 1024
    ]
    test:[
      type: Dataset_test
      data_root: /mnt/c/users/ThinkPad/my_own_files/for_min/my_own_files/study/ai/dataset/NUDT-SIRST/test
      img_sz: 1024
    ]
  ]
  resume:[
    net_path: None
    state_path: None
  ]

2026-04-10 17:16:51,549 INFO: Using channels_last memory format
2026-04-10 17:16:54,978 INFO: load from random initialized network
2026-04-10 17:16:54,979 INFO: training from epoch: 1
2026-04-10 17:16:54,979 INFO: Start training... Total epochs: 120, Total iters: 39840
2026-04-10 17:16:54,980 INFO: Start epoch 1/120
2026-04-10 17:16:55,223 INFO: Epoch 1, Iter 1/39840, Batch 0/332
2026-04-10 17:17:31,430 INFO: Epoch 1, Iter 2/39840, Batch 1/332
2026-04-10 17:17:41,061 INFO: Epoch 1, Iter 3/39840, Batch 2/332
2026-04-10 17:17:50,916 INFO: Epoch 1, Iter 4/39840, Batch 3/332
2026-04-10 17:18:01,452 INFO: Epoch 1, Iter 5/39840, Batch 4/332
2026-04-10 17:18:15,193 INFO: Epoch 1, Iter 6/39840, Batch 5/332
2026-04-10 17:18:25,470 INFO: Epoch 1, Iter 7/39840, Batch 6/332
2026-04-10 17:18:35,648 INFO: Epoch 1, Iter 8/39840, Batch 7/332
2026-04-10 17:18:45,797 INFO: Epoch 1, Iter 9/39840, Batch 8/332
2026-04-10 17:18:58,853 INFO: Epoch 1, Iter 10/39840, Batch 9/332
2026-04-10 17:19:08,971 INFO: Epoch 1, Iter 11/39840, Batch 10/332
2026-04-10 17:19:19,040 INFO: Epoch 1, Iter 12/39840, Batch 11/332
2026-04-10 17:19:32,035 INFO: Epoch 1, Iter 13/39840, Batch 12/332
2026-04-10 17:19:42,170 INFO: Epoch 1, Iter 14/39840, Batch 13/332
2026-04-10 17:19:52,289 INFO: Epoch 1, Iter 15/39840, Batch 14/332
2026-04-10 17:20:05,563 INFO: Epoch 1, Iter 16/39840, Batch 15/332
2026-04-10 17:20:15,519 INFO: Epoch 1, Iter 17/39840, Batch 16/332
2026-04-10 17:20:25,395 INFO: Epoch 1, Iter 18/39840, Batch 17/332
2026-04-10 17:20:38,391 INFO: Epoch 1, Iter 19/39840, Batch 18/332
2026-04-10 17:20:49,076 INFO: Epoch 1, Iter 20/39840, Batch 19/332
2026-04-10 17:20:59,873 INFO: Epoch 1, Iter 21/39840, Batch 20/332
2026-04-10 17:21:12,745 INFO: Epoch 1, Iter 22/39840, Batch 21/332
2026-04-10 17:21:22,532 INFO: Epoch 1, Iter 23/39840, Batch 22/332
2026-04-10 17:21:33,303 INFO: Epoch 1, Iter 24/39840, Batch 23/332
2026-04-10 17:21:44,024 INFO: Epoch 1, Iter 25/39840, Batch 24/332
2026-04-10 17:21:57,880 INFO: Epoch 1, Iter 26/39840, Batch 25/332
2026-04-10 17:22:08,896 INFO: Epoch 1, Iter 27/39840, Batch 26/332
2026-04-10 17:22:19,352 INFO: Epoch 1, Iter 28/39840, Batch 27/332
2026-04-10 17:22:32,674 INFO: Epoch 1, Iter 29/39840, Batch 28/332
2026-04-10 17:22:42,929 INFO: Epoch 1, Iter 30/39840, Batch 29/332
2026-04-10 17:22:53,226 INFO: Epoch 1, Iter 31/39840, Batch 30/332
2026-04-10 17:23:06,688 INFO: Epoch 1, Iter 32/39840, Batch 31/332
2026-04-10 17:23:16,902 INFO: Epoch 1, Iter 33/39840, Batch 32/332
2026-04-10 17:23:26,965 INFO: Epoch 1, Iter 34/39840, Batch 33/332
2026-04-10 17:23:39,581 INFO: Epoch 1, Iter 35/39840, Batch 34/332
2026-04-10 17:23:50,164 INFO: Epoch 1, Iter 36/39840, Batch 35/332
2026-04-10 17:24:01,105 INFO: Epoch 1, Iter 37/39840, Batch 36/332
2026-04-10 17:24:14,699 INFO: Epoch 1, Iter 38/39840, Batch 37/332
2026-04-10 17:24:24,841 INFO: Epoch 1, Iter 39/39840, Batch 38/332
2026-04-10 17:24:35,351 INFO: Epoch 1, Iter 40/39840, Batch 39/332
2026-04-10 17:24:48,156 INFO: Epoch 1, Iter 41/39840, Batch 40/332
2026-04-10 17:24:58,993 INFO: Epoch 1, Iter 42/39840, Batch 41/332
