2026-04-10 17:46:11,371 INFO: 
Version Information: 
	PyTorch: 2.7.1+cu126
	TorchVision: 0.22.1+cu126
2026-04-10 17:46:11,371 INFO: 
  exp:[
    name: SAMamba_GradualUnfreeze
    save_exp: True
    bs: 1
    total_epochs: 120
    log_interval: 1
    save_interval: 60
    test_interval: 1
    device: 1
    nw: 4
    use_amp: True
    accum_steps: 4
    use_compile: False
    pin_memory: True
    prefetch_factor: 4
    channels_last: True
    dist: False
    num_devices: 1
    total_iters: 79680
    exp_root: experiment/SAMamba_GradualUnfreeze/20260410_174610
  ]
  model:[
    net:[
      type: SAMamba
    ]
    gradual_unfreeze:[
      enabled: True
      stages: [OrderedDict([('name', 'stage1_freeze'), ('start_epoch', 0), ('end_epoch', 45), ('unfreeze_layers', [])]), OrderedDict([('name', 'stage2_partial'), ('start_epoch', 46), ('end_epoch', 90), ('unfreeze_layers', ['encoder.blocks.8', 'encoder.blocks.9', 'encoder.blocks.10', 'encoder.blocks.11', 'encoder.blocks.12', 'encoder.blocks.13', 'encoder.blocks.14', 'encoder.blocks.15'])]), OrderedDict([('name', 'stage3_full'), ('start_epoch', 91), ('end_epoch', 120), ('unfreeze_layers', ['encoder.blocks'])])]
      stage2_lr_factor: 0.1
      stage3_lr_factor: 0.01
    ]
    optim:[
      type: AdamW
      init_lr: 0.0005
      weight_decay: 0.0001
      betas: [0.9, 0.999]
    ]
    loss:[
      loss_1:[
        type: SoftIoULoss
        weight: 1
      ]
      loss_2:[
        type: WeightedDiceLoss
        weight: 1
      ]
      loss_3:[
        type: FocalLoss
        weight: 1
      ]
    ]
    lr:[
      warmup_iter: -1
      scheduler:[
        type: CosineAnnealingLR
        step_interval: iter
        eta_min: 1e-05
      ]
    ]
  ]
  dataset:[
    name: None
    train:[
      type: Dataset_aug_bac
      data_root: /mnt/c/users/ThinkPad/my_own_files/for_min/my_own_files/study/ai/dataset/NUDT-SIRST/trainval
      img_sz: 1024
    ]
    test:[
      type: Dataset_test
      data_root: /mnt/c/users/ThinkPad/my_own_files/for_min/my_own_files/study/ai/dataset/NUDT-SIRST/test
      img_sz: 1024
    ]
  ]
  resume:[
    net_path: None
    state_path: None
  ]

2026-04-10 17:46:11,481 INFO: Using channels_last memory format
2026-04-10 17:46:14,916 INFO: load from random initialized network
2026-04-10 17:46:14,916 INFO: training from epoch: 1
2026-04-10 17:46:14,917 INFO: Start training... Total epochs: 120, Total iters: 79680
2026-04-10 17:46:14,917 INFO: Start epoch 1/120
2026-04-10 17:46:15,091 INFO: Epoch 1, Iter 1/79680, Batch 0/663
2026-04-10 17:46:21,295 INFO: Epoch 1, Iter 2/79680, Batch 1/663
2026-04-10 17:46:21,971 INFO: Epoch 1, Iter 3/79680, Batch 2/663
2026-04-10 17:46:22,490 INFO: Epoch 1, Iter 4/79680, Batch 3/663
2026-04-10 17:46:23,094 INFO: Epoch 1, Iter 5/79680, Batch 4/663
2026-04-10 17:46:23,594 INFO: Epoch 1, Iter 6/79680, Batch 5/663
2026-04-10 17:46:24,108 INFO: Epoch 1, Iter 7/79680, Batch 6/663
2026-04-10 17:46:24,651 INFO: Epoch 1, Iter 8/79680, Batch 7/663
2026-04-10 17:46:25,211 INFO: Epoch 1, Iter 9/79680, Batch 8/663
2026-04-10 17:46:25,749 INFO: Epoch 1, Iter 10/79680, Batch 9/663
2026-04-10 17:46:26,285 INFO: Epoch 1, Iter 11/79680, Batch 10/663
2026-04-10 17:46:26,837 INFO: Epoch 1, Iter 12/79680, Batch 11/663
2026-04-10 17:46:27,371 INFO: Epoch 1, Iter 13/79680, Batch 12/663
2026-04-10 17:46:30,870 INFO: Epoch 1, Iter 14/79680, Batch 13/663
2026-04-10 17:46:31,391 INFO: Epoch 1, Iter 15/79680, Batch 14/663
2026-04-10 17:46:31,981 INFO: Epoch 1, Iter 16/79680, Batch 15/663
2026-04-10 17:46:32,532 INFO: Epoch 1, Iter 17/79680, Batch 16/663
2026-04-10 17:46:33,046 INFO: Epoch 1, Iter 18/79680, Batch 17/663
2026-04-10 17:46:33,580 INFO: Epoch 1, Iter 19/79680, Batch 18/663
2026-04-10 17:46:34,149 INFO: Epoch 1, Iter 20/79680, Batch 19/663
2026-04-10 17:46:34,741 INFO: Epoch 1, Iter 21/79680, Batch 20/663
