2026-04-05 18:22:37,077 INFO: 
Version Information: 
	PyTorch: 2.7.1+cu126
	TorchVision: 0.22.1+cu126
2026-04-05 18:22:37,078 INFO: 
  exp:[
    name: SAMamba_GradualUnfreeze
    save_exp: True
    bs: 2
    total_epochs: 400
    log_interval: 1
    save_interval: 150
    test_interval: 1
    device: 1
    dist: False
    num_devices: 1
    total_iters: 132800
    exp_root: experiment/SAMamba_GradualUnfreeze/20260405_182235
  ]
  model:[
    net:[
      type: SAMamba
    ]
    gradual_unfreeze:[
      enabled: True
      stages: [OrderedDict([('name', 'stage1_freeze'), ('start_epoch', 0), ('end_epoch', 150), ('unfreeze_layers', [])]), OrderedDict([('name', 'stage2_partial'), ('start_epoch', 151), ('end_epoch', 300), ('unfreeze_layers', ['encoder.blocks.8', 'encoder.blocks.9', 'encoder.blocks.10', 'encoder.blocks.11', 'encoder.blocks.12', 'encoder.blocks.13', 'encoder.blocks.14', 'encoder.blocks.15'])]), OrderedDict([('name', 'stage3_full'), ('start_epoch', 301), ('end_epoch', 400), ('unfreeze_layers', ['encoder.blocks'])])]
      stage2_lr_factor: 0.1
      stage3_lr_factor: 0.01
    ]
    optim:[
      type: AdamW
      init_lr: 0.0005
      weight_decay: 0.0001
      betas: [0.9, 0.999]
    ]
    loss:[
      loss_1:[
        type: SoftIoULoss
        weight: 1
      ]
      loss_2:[
        type: WeightedDiceLoss
        weight: 1
      ]
      loss_3:[
        type: FocalLoss
        weight: 1
      ]
    ]
    lr:[
      warmup_iter: -1
      scheduler:[
        type: CosineAnnealingLR
        step_interval: iter
        eta_min: 1e-05
      ]
    ]
  ]
  dataset:[
    name: None
    train:[
      type: Dataset_aug_bac
      data_root: /mnt/c/users/ThinkPad/my_own_files/for_min/my_own_files/study/ai/dataset/NUDT-SIRST/trainval
      img_sz: 1024
    ]
    test:[
      type: Dataset_test
      data_root: /mnt/c/users/ThinkPad/my_own_files/for_min/my_own_files/study/ai/dataset/NUDT-SIRST/test
      img_sz: 1024
    ]
  ]
  resume:[
    net_path: None
    state_path: None
  ]

