2026-04-10 16:55:41,833 INFO: 
Version Information: 
	PyTorch: 2.7.1+cu126
	TorchVision: 0.22.1+cu126
2026-04-10 16:55:41,833 INFO: 
  exp:[
    name: SAMamba
    save_exp: True
    bs: 2
    total_epochs: 120
    log_interval: 1
    save_interval: 60
    test_interval: 1
    device: 1
    use_amp: True
    accum_steps: 4
    use_compile: False
    dist: False
    num_devices: 1
    total_iters: 39840
    exp_root: experiment/SAMamba/20260410_165540
  ]
  model:[
    net:[
      type: SAMamba
    ]
    optim:[
      type: AdamW
      init_lr: 0.0005
      weight_decay: 0.0001
      betas: [0.9, 0.999]
    ]
    loss:[
      loss_1:[
        type: SoftIoULoss
        weight: 1
      ]
      loss_2:[
        type: WeightedDiceLoss
        weight: 1
      ]
      loss_3:[
        type: FocalLoss
        weight: 1
      ]
    ]
    lr:[
      warmup_iter: -1
      scheduler:[
        type: CosineAnnealingLR
        step_interval: iter
        eta_min: 1e-05
      ]
    ]
  ]
  dataset:[
    name: None
    train:[
      type: Dataset_aug_bac
      data_root: /mnt/c/users/ThinkPad/my_own_files/for_min/my_own_files/study/ai/dataset/NUDT-SIRST/trainval
      img_sz: 1024
    ]
    test:[
      type: Dataset_test
      data_root: /mnt/c/users/ThinkPad/my_own_files/for_min/my_own_files/study/ai/dataset/NUDT-SIRST/test
      img_sz: 1024
    ]
  ]
  resume:[
    net_path: None
    state_path: None
  ]

2026-04-10 16:55:48,771 INFO: load from random initialized network
2026-04-10 16:55:48,771 INFO: training from epoch: 1
2026-04-10 16:55:48,771 INFO: Start training... Total epochs: 120, Total iters: 39840
2026-04-10 16:55:48,772 INFO: Start epoch 1/120
2026-04-10 16:55:48,893 INFO: Epoch 1, Iter 1/39840, Batch 0/332
2026-04-10 17:01:06,540 INFO: Epoch 1, Iter 2/39840, Batch 1/332
2026-04-10 17:01:27,807 INFO: Epoch 1, Iter 3/39840, Batch 2/332
2026-04-10 17:01:52,885 INFO: Epoch 1, Iter 4/39840, Batch 3/332
2026-04-10 17:02:22,091 INFO: Epoch 1, Iter 5/39840, Batch 4/332
2026-04-10 17:02:52,088 INFO: Epoch 1, Iter 6/39840, Batch 5/332
2026-04-10 17:03:17,902 INFO: Epoch 1, Iter 7/39840, Batch 6/332
2026-04-10 17:03:46,494 INFO: Epoch 1, Iter 8/39840, Batch 7/332
2026-04-10 17:04:19,822 INFO: Epoch 1, Iter 9/39840, Batch 8/332
2026-04-10 17:04:45,671 INFO: Epoch 1, Iter 10/39840, Batch 9/332
2026-04-10 17:05:15,068 INFO: Epoch 1, Iter 11/39840, Batch 10/332
2026-04-10 17:05:37,647 INFO: Epoch 1, Iter 12/39840, Batch 11/332
2026-04-10 17:06:05,644 INFO: Epoch 1, Iter 13/39840, Batch 12/332
2026-04-10 17:06:31,488 INFO: Epoch 1, Iter 14/39840, Batch 13/332
2026-04-10 17:06:50,749 INFO: Epoch 1, Iter 15/39840, Batch 14/332
2026-04-10 17:07:10,792 INFO: Epoch 1, Iter 16/39840, Batch 15/332
2026-04-10 17:07:28,459 INFO: Epoch 1, Iter 17/39840, Batch 16/332
2026-04-10 17:07:49,224 INFO: Epoch 1, Iter 18/39840, Batch 17/332
