2026-04-06 18:45:53,130 INFO: 
Version Information: 
	PyTorch: 2.7.1+cu126
	TorchVision: 0.22.1+cu126
2026-04-06 18:45:53,132 INFO: 
  exp:[
    name: SAMamba_WarmupOneCycle
    save_exp: True
    bs: 1
    total_epochs: 400
    log_interval: 1
    save_interval: 150
    test_interval: 1
    device: 1
    dist: False
    num_devices: 1
    total_iters: 265600
    exp_root: experiment/SAMamba_WarmupOneCycle/20260406_184551
  ]
  model:[
    net:[
      type: SAMamba
    ]
    optim:[
      type: AdamW
      init_lr: 0.001
      weight_decay: 0.0001
      betas: [0.9, 0.999]
    ]
    loss:[
      loss_1:[
        type: SoftIoULoss
        weight: 1
      ]
      loss_2:[
        type: WeightedDiceLoss
        weight: 1
      ]
      loss_3:[
        type: FocalLoss
        weight: 1
      ]
    ]
    lr:[
      warmup_iter: 1000
      scheduler:[
        type: OneCycleLR
        step_interval: iter
        max_lr: 0.001
        pct_start: 0.3
        anneal_strategy: cos
        div_factor: 25.0
        final_div_factor: 1000.0
      ]
    ]
  ]
  dataset:[
    name: None
    train:[
      type: Dataset_aug_bac
      data_root: /mnt/c/users/ThinkPad/my_own_files/for_min/my_own_files/study/ai/dataset/NUDT-SIRST/trainval
      img_sz: 1024
    ]
    test:[
      type: Dataset_test
      data_root: /mnt/c/users/ThinkPad/my_own_files/for_min/my_own_files/study/ai/dataset/NUDT-SIRST/test
      img_sz: 1024
    ]
  ]
  resume:[
    net_path: None
    state_path: None
  ]

2026-04-06 18:46:00,191 INFO: load from random initialized network
2026-04-06 18:46:00,191 INFO: training from epoch: 1
