2026-04-06 19:19:07,272 INFO: 
Version Information: 
	PyTorch: 2.7.1+cu126
	TorchVision: 0.22.1+cu126
2026-04-06 19:19:07,272 INFO: 
  exp:[
    name: SAMamba_TTA
    save_exp: True
    bs: 1
    total_epochs: 400
    log_interval: 1
    save_interval: 150
    test_interval: 1
    device: 0
    tta:[
      enabled: True
      transforms: ['original', 'hflip', 'vflip']
      merge_mode: mean
    ]
    dist: False
    num_devices: 1
    total_iters: 265600
    exp_root: experiment/SAMamba_TTA/20260406_191905
  ]
  model:[
    net:[
      type: SAMamba
    ]
    optim:[
      type: AdamW
      init_lr: 0.0005
      weight_decay: 0.0001
      betas: [0.9, 0.999]
    ]
    loss:[
      loss_1:[
        type: SoftIoULoss
        weight: 1
      ]
      loss_2:[
        type: WeightedDiceLoss
        weight: 1
      ]
      loss_3:[
        type: FocalLoss
        weight: 1
      ]
    ]
    lr:[
      warmup_iter: -1
      scheduler:[
        type: CosineAnnealingLR
        step_interval: iter
        eta_min: 1e-05
      ]
    ]
  ]
  dataset:[
    name: None
    train:[
      type: Dataset_aug_bac
      data_root: /mnt/c/users/ThinkPad/my_own_files/for_min/my_own_files/study/ai/dataset/NUDT-SIRST/trainval
      img_sz: 1024
    ]
    test:[
      type: Dataset_test
      data_root: /mnt/c/users/ThinkPad/my_own_files/for_min/my_own_files/study/ai/dataset/NUDT-SIRST/test
      img_sz: 1024
    ]
  ]
  resume:[
    net_path: /mnt/c/users/ThinkPad/my_own_files/work/projects/paper/IRSTD/projects/SAMamba-main/models/net_best_irstd.pth
    state_path: None
  ]

2026-04-06 19:19:11,618 INFO: Loading SAMamba model from /mnt/c/users/ThinkPad/my_own_files/work/projects/paper/IRSTD/projects/SAMamba-main/models/net_best_irstd.pth.
2026-04-06 19:19:12,468 WARNING: Current net - loaded net:
2026-04-06 19:19:12,469 WARNING:   encoder.bn1.bias
2026-04-06 19:19:12,469 WARNING:   encoder.bn1.num_batches_tracked
2026-04-06 19:19:12,470 WARNING:   encoder.bn1.running_mean
2026-04-06 19:19:12,470 WARNING:   encoder.bn1.running_var
2026-04-06 19:19:12,470 WARNING:   encoder.bn1.weight
2026-04-06 19:19:12,471 WARNING:   encoder.bn2.bias
2026-04-06 19:19:12,471 WARNING:   encoder.bn2.num_batches_tracked
2026-04-06 19:19:12,471 WARNING:   encoder.bn2.running_mean
2026-04-06 19:19:12,471 WARNING:   encoder.bn2.running_var
2026-04-06 19:19:12,472 WARNING:   encoder.bn2.weight
2026-04-06 19:19:12,472 WARNING:   encoder.bn3.bias
2026-04-06 19:19:12,472 WARNING:   encoder.bn3.num_batches_tracked
2026-04-06 19:19:12,472 WARNING:   encoder.bn3.running_mean
2026-04-06 19:19:12,472 WARNING:   encoder.bn3.running_var
2026-04-06 19:19:12,473 WARNING:   encoder.bn3.weight
2026-04-06 19:19:12,473 WARNING:   encoder.bn4.bias
2026-04-06 19:19:12,473 WARNING:   encoder.bn4.num_batches_tracked
2026-04-06 19:19:12,473 WARNING:   encoder.bn4.running_mean
2026-04-06 19:19:12,473 WARNING:   encoder.bn4.running_var
2026-04-06 19:19:12,474 WARNING:   encoder.bn4.weight
2026-04-06 19:19:12,474 WARNING:   encoder.conv1.bias
2026-04-06 19:19:12,474 WARNING:   encoder.conv1.weight
2026-04-06 19:19:12,474 WARNING:   encoder.conv2.bias
2026-04-06 19:19:12,474 WARNING:   encoder.conv2.weight
2026-04-06 19:19:12,475 WARNING:   encoder.conv3.bias
2026-04-06 19:19:12,475 WARNING:   encoder.conv3.weight
2026-04-06 19:19:12,475 WARNING:   encoder.conv4.bias
2026-04-06 19:19:12,475 WARNING:   encoder.conv4.weight
2026-04-06 19:19:12,475 WARNING: Loaded net - current net:
2026-04-06 19:19:12,476 WARNING:   encoder.blocks.0.block.attn.proj.bias
2026-04-06 19:19:12,476 WARNING:   encoder.blocks.0.block.attn.proj.weight
2026-04-06 19:19:12,476 WARNING:   encoder.blocks.0.block.attn.qkv.bias
2026-04-06 19:19:12,476 WARNING:   encoder.blocks.0.block.attn.qkv.weight
2026-04-06 19:19:12,476 WARNING:   encoder.blocks.0.block.mlp.layers.0.bias
2026-04-06 19:19:12,477 WARNING:   encoder.blocks.0.block.mlp.layers.0.weight
2026-04-06 19:19:12,477 WARNING:   encoder.blocks.0.block.mlp.layers.1.bias
2026-04-06 19:19:12,477 WARNING:   encoder.blocks.0.block.mlp.layers.1.weight
2026-04-06 19:19:12,477 WARNING:   encoder.blocks.0.block.norm1.bias
2026-04-06 19:19:12,477 WARNING:   encoder.blocks.0.block.norm1.weight
2026-04-06 19:19:12,478 WARNING:   encoder.blocks.0.block.norm2.bias
2026-04-06 19:19:12,478 WARNING:   encoder.blocks.0.block.norm2.weight
2026-04-06 19:19:12,478 WARNING:   encoder.blocks.0.monaOp.projector.bias
2026-04-06 19:19:12,478 WARNING:   encoder.blocks.0.monaOp.projector.weight
2026-04-06 19:19:12,478 WARNING:   encoder.blocks.0.monaOp.prompt
2026-04-06 19:19:12,478 WARNING:   encoder.blocks.0.monaOp.top_down_transform
2026-04-06 19:19:12,479 WARNING:   encoder.blocks.1.block.attn.proj.bias
2026-04-06 19:19:12,479 WARNING:   encoder.blocks.1.block.attn.proj.weight
2026-04-06 19:19:12,479 WARNING:   encoder.blocks.1.block.attn.qkv.bias
2026-04-06 19:19:12,479 WARNING:   encoder.blocks.1.block.attn.qkv.weight
2026-04-06 19:19:12,479 WARNING:   encoder.blocks.1.block.mlp.layers.0.bias
2026-04-06 19:19:12,480 WARNING:   encoder.blocks.1.block.mlp.layers.0.weight
2026-04-06 19:19:12,480 WARNING:   encoder.blocks.1.block.mlp.layers.1.bias
2026-04-06 19:19:12,480 WARNING:   encoder.blocks.1.block.mlp.layers.1.weight
2026-04-06 19:19:12,480 WARNING:   encoder.blocks.1.block.norm1.bias
2026-04-06 19:19:12,480 WARNING:   encoder.blocks.1.block.norm1.weight
2026-04-06 19:19:12,481 WARNING:   encoder.blocks.1.block.norm2.bias
2026-04-06 19:19:12,481 WARNING:   encoder.blocks.1.block.norm2.weight
2026-04-06 19:19:12,481 WARNING:   encoder.blocks.1.block.proj.bias
2026-04-06 19:19:12,481 WARNING:   encoder.blocks.1.block.proj.weight
2026-04-06 19:19:12,481 WARNING:   encoder.blocks.1.monaOp.projector.bias
2026-04-06 19:19:12,482 WARNING:   encoder.blocks.1.monaOp.projector.weight
2026-04-06 19:19:12,482 WARNING:   encoder.blocks.1.monaOp.prompt
2026-04-06 19:19:12,482 WARNING:   encoder.blocks.1.monaOp.top_down_transform
2026-04-06 19:19:12,482 WARNING:   encoder.blocks.10.block.attn.proj.bias
2026-04-06 19:19:12,482 WARNING:   encoder.blocks.10.block.attn.proj.weight
2026-04-06 19:19:12,483 WARNING:   encoder.blocks.10.block.attn.qkv.bias
2026-04-06 19:19:12,483 WARNING:   encoder.blocks.10.block.attn.qkv.weight
2026-04-06 19:19:12,483 WARNING:   encoder.blocks.10.block.mlp.layers.0.bias
2026-04-06 19:19:12,483 WARNING:   encoder.blocks.10.block.mlp.layers.0.weight
2026-04-06 19:19:12,484 WARNING:   encoder.blocks.10.block.mlp.layers.1.bias
2026-04-06 19:19:12,484 WARNING:   encoder.blocks.10.block.mlp.layers.1.weight
2026-04-06 19:19:12,484 WARNING:   encoder.blocks.10.block.norm1.bias
2026-04-06 19:19:12,484 WARNING:   encoder.blocks.10.block.norm1.weight
2026-04-06 19:19:12,484 WARNING:   encoder.blocks.10.block.norm2.bias
2026-04-06 19:19:12,485 WARNING:   encoder.blocks.10.block.norm2.weight
2026-04-06 19:19:12,485 WARNING:   encoder.blocks.10.monaOp.projector.bias
2026-04-06 19:19:12,485 WARNING:   encoder.blocks.10.monaOp.projector.weight
2026-04-06 19:19:12,485 WARNING:   encoder.blocks.10.monaOp.prompt
2026-04-06 19:19:12,486 WARNING:   encoder.blocks.10.monaOp.top_down_transform
2026-04-06 19:19:12,486 WARNING:   encoder.blocks.11.block.attn.proj.bias
2026-04-06 19:19:12,486 WARNING:   encoder.blocks.11.block.attn.proj.weight
2026-04-06 19:19:12,486 WARNING:   encoder.blocks.11.block.attn.qkv.bias
2026-04-06 19:19:12,486 WARNING:   encoder.blocks.11.block.attn.qkv.weight
2026-04-06 19:19:12,487 WARNING:   encoder.blocks.11.block.mlp.layers.0.bias
2026-04-06 19:19:12,487 WARNING:   encoder.blocks.11.block.mlp.layers.0.weight
2026-04-06 19:19:12,487 WARNING:   encoder.blocks.11.block.mlp.layers.1.bias
2026-04-06 19:19:12,487 WARNING:   encoder.blocks.11.block.mlp.layers.1.weight
2026-04-06 19:19:12,487 WARNING:   encoder.blocks.11.block.norm1.bias
2026-04-06 19:19:12,487 WARNING:   encoder.blocks.11.block.norm1.weight
2026-04-06 19:19:12,488 WARNING:   encoder.blocks.11.block.norm2.bias
2026-04-06 19:19:12,488 WARNING:   encoder.blocks.11.block.norm2.weight
2026-04-06 19:19:12,488 WARNING:   encoder.blocks.11.monaOp.projector.bias
2026-04-06 19:19:12,488 WARNING:   encoder.blocks.11.monaOp.projector.weight
2026-04-06 19:19:12,488 WARNING:   encoder.blocks.11.monaOp.prompt
2026-04-06 19:19:12,489 WARNING:   encoder.blocks.11.monaOp.top_down_transform
2026-04-06 19:19:12,489 WARNING:   encoder.blocks.12.block.attn.proj.bias
2026-04-06 19:19:12,489 WARNING:   encoder.blocks.12.block.attn.proj.weight
2026-04-06 19:19:12,489 WARNING:   encoder.blocks.12.block.attn.qkv.bias
2026-04-06 19:19:12,489 WARNING:   encoder.blocks.12.block.attn.qkv.weight
2026-04-06 19:19:12,490 WARNING:   encoder.blocks.12.block.mlp.layers.0.bias
2026-04-06 19:19:12,490 WARNING:   encoder.blocks.12.block.mlp.layers.0.weight
2026-04-06 19:19:12,490 WARNING:   encoder.blocks.12.block.mlp.layers.1.bias
2026-04-06 19:19:12,490 WARNING:   encoder.blocks.12.block.mlp.layers.1.weight
2026-04-06 19:19:12,490 WARNING:   encoder.blocks.12.block.norm1.bias
2026-04-06 19:19:12,491 WARNING:   encoder.blocks.12.block.norm1.weight
2026-04-06 19:19:12,491 WARNING:   encoder.blocks.12.block.norm2.bias
2026-04-06 19:19:12,491 WARNING:   encoder.blocks.12.block.norm2.weight
2026-04-06 19:19:12,491 WARNING:   encoder.blocks.12.monaOp.projector.bias
2026-04-06 19:19:12,492 WARNING:   encoder.blocks.12.monaOp.projector.weight
2026-04-06 19:19:12,492 WARNING:   encoder.blocks.12.monaOp.prompt
2026-04-06 19:19:12,492 WARNING:   encoder.blocks.12.monaOp.top_down_transform
2026-04-06 19:19:12,492 WARNING:   encoder.blocks.13.block.attn.proj.bias
2026-04-06 19:19:12,492 WARNING:   encoder.blocks.13.block.attn.proj.weight
2026-04-06 19:19:12,493 WARNING:   encoder.blocks.13.block.attn.qkv.bias
2026-04-06 19:19:12,493 WARNING:   encoder.blocks.13.block.attn.qkv.weight
2026-04-06 19:19:12,493 WARNING:   encoder.blocks.13.block.mlp.layers.0.bias
2026-04-06 19:19:12,493 WARNING:   encoder.blocks.13.block.mlp.layers.0.weight
2026-04-06 19:19:12,493 WARNING:   encoder.blocks.13.block.mlp.layers.1.bias
2026-04-06 19:19:12,494 WARNING:   encoder.blocks.13.block.mlp.layers.1.weight
2026-04-06 19:19:12,494 WARNING:   encoder.blocks.13.block.norm1.bias
2026-04-06 19:19:12,494 WARNING:   encoder.blocks.13.block.norm1.weight
2026-04-06 19:19:12,494 WARNING:   encoder.blocks.13.block.norm2.bias
2026-04-06 19:19:12,494 WARNING:   encoder.blocks.13.block.norm2.weight
2026-04-06 19:19:12,494 WARNING:   encoder.blocks.13.monaOp.projector.bias
2026-04-06 19:19:12,495 WARNING:   encoder.blocks.13.monaOp.projector.weight
2026-04-06 19:19:12,495 WARNING:   encoder.blocks.13.monaOp.prompt
2026-04-06 19:19:12,495 WARNING:   encoder.blocks.13.monaOp.top_down_transform
2026-04-06 19:19:12,495 WARNING:   encoder.blocks.14.block.attn.proj.bias
2026-04-06 19:19:12,495 WARNING:   encoder.blocks.14.block.attn.proj.weight
2026-04-06 19:19:12,496 WARNING:   encoder.blocks.14.block.attn.qkv.bias
2026-04-06 19:19:12,496 WARNING:   encoder.blocks.14.block.attn.qkv.weight
2026-04-06 19:19:12,496 WARNING:   encoder.blocks.14.block.mlp.layers.0.bias
2026-04-06 19:19:12,496 WARNING:   encoder.blocks.14.block.mlp.layers.0.weight
2026-04-06 19:19:12,497 WARNING:   encoder.blocks.14.block.mlp.layers.1.bias
2026-04-06 19:19:12,497 WARNING:   encoder.blocks.14.block.mlp.layers.1.weight
2026-04-06 19:19:12,497 WARNING:   encoder.blocks.14.block.norm1.bias
2026-04-06 19:19:12,497 WARNING:   encoder.blocks.14.block.norm1.weight
2026-04-06 19:19:12,498 WARNING:   encoder.blocks.14.block.norm2.bias
2026-04-06 19:19:12,498 WARNING:   encoder.blocks.14.block.norm2.weight
2026-04-06 19:19:12,498 WARNING:   encoder.blocks.14.block.proj.bias
2026-04-06 19:19:12,498 WARNING:   encoder.blocks.14.block.proj.weight
2026-04-06 19:19:12,498 WARNING:   encoder.blocks.14.monaOp.projector.bias
2026-04-06 19:19:12,499 WARNING:   encoder.blocks.14.monaOp.projector.weight
2026-04-06 19:19:12,499 WARNING:   encoder.blocks.14.monaOp.prompt
2026-04-06 19:19:12,499 WARNING:   encoder.blocks.14.monaOp.top_down_transform
2026-04-06 19:19:12,499 WARNING:   encoder.blocks.15.block.attn.proj.bias
2026-04-06 19:19:12,500 WARNING:   encoder.blocks.15.block.attn.proj.weight
2026-04-06 19:19:12,500 WARNING:   encoder.blocks.15.block.attn.qkv.bias
2026-04-06 19:19:12,500 WARNING:   encoder.blocks.15.block.attn.qkv.weight
2026-04-06 19:19:12,500 WARNING:   encoder.blocks.15.block.mlp.layers.0.bias
2026-04-06 19:19:12,501 WARNING:   encoder.blocks.15.block.mlp.layers.0.weight
2026-04-06 19:19:12,501 WARNING:   encoder.blocks.15.block.mlp.layers.1.bias
2026-04-06 19:19:12,501 WARNING:   encoder.blocks.15.block.mlp.layers.1.weight
2026-04-06 19:19:12,501 WARNING:   encoder.blocks.15.block.norm1.bias
2026-04-06 19:19:12,501 WARNING:   encoder.blocks.15.block.norm1.weight
2026-04-06 19:19:12,502 WARNING:   encoder.blocks.15.block.norm2.bias
2026-04-06 19:19:12,502 WARNING:   encoder.blocks.15.block.norm2.weight
2026-04-06 19:19:12,502 WARNING:   encoder.blocks.15.monaOp.projector.bias
2026-04-06 19:19:12,502 WARNING:   encoder.blocks.15.monaOp.projector.weight
2026-04-06 19:19:12,502 WARNING:   encoder.blocks.15.monaOp.prompt
2026-04-06 19:19:12,503 WARNING:   encoder.blocks.15.monaOp.top_down_transform
2026-04-06 19:19:12,503 WARNING:   encoder.blocks.2.block.attn.proj.bias
2026-04-06 19:19:12,503 WARNING:   encoder.blocks.2.block.attn.proj.weight
2026-04-06 19:19:12,503 WARNING:   encoder.blocks.2.block.attn.qkv.bias
2026-04-06 19:19:12,503 WARNING:   encoder.blocks.2.block.attn.qkv.weight
2026-04-06 19:19:12,504 WARNING:   encoder.blocks.2.block.mlp.layers.0.bias
2026-04-06 19:19:12,504 WARNING:   encoder.blocks.2.block.mlp.layers.0.weight
2026-04-06 19:19:12,504 WARNING:   encoder.blocks.2.block.mlp.layers.1.bias
2026-04-06 19:19:12,504 WARNING:   encoder.blocks.2.block.mlp.layers.1.weight
2026-04-06 19:19:12,504 WARNING:   encoder.blocks.2.block.norm1.bias
2026-04-06 19:19:12,505 WARNING:   encoder.blocks.2.block.norm1.weight
2026-04-06 19:19:12,505 WARNING:   encoder.blocks.2.block.norm2.bias
2026-04-06 19:19:12,505 WARNING:   encoder.blocks.2.block.norm2.weight
2026-04-06 19:19:12,505 WARNING:   encoder.blocks.2.monaOp.projector.bias
2026-04-06 19:19:12,505 WARNING:   encoder.blocks.2.monaOp.projector.weight
2026-04-06 19:19:12,506 WARNING:   encoder.blocks.2.monaOp.prompt
2026-04-06 19:19:12,506 WARNING:   encoder.blocks.2.monaOp.top_down_transform
2026-04-06 19:19:12,506 WARNING:   encoder.blocks.3.block.attn.proj.bias
2026-04-06 19:19:12,506 WARNING:   encoder.blocks.3.block.attn.proj.weight
2026-04-06 19:19:12,506 WARNING:   encoder.blocks.3.block.attn.qkv.bias
2026-04-06 19:19:12,507 WARNING:   encoder.blocks.3.block.attn.qkv.weight
2026-04-06 19:19:12,507 WARNING:   encoder.blocks.3.block.mlp.layers.0.bias
2026-04-06 19:19:12,507 WARNING:   encoder.blocks.3.block.mlp.layers.0.weight
2026-04-06 19:19:12,507 WARNING:   encoder.blocks.3.block.mlp.layers.1.bias
2026-04-06 19:19:12,507 WARNING:   encoder.blocks.3.block.mlp.layers.1.weight
2026-04-06 19:19:12,508 WARNING:   encoder.blocks.3.block.norm1.bias
2026-04-06 19:19:12,508 WARNING:   encoder.blocks.3.block.norm1.weight
2026-04-06 19:19:12,508 WARNING:   encoder.blocks.3.block.norm2.bias
2026-04-06 19:19:12,508 WARNING:   encoder.blocks.3.block.norm2.weight
2026-04-06 19:19:12,508 WARNING:   encoder.blocks.3.block.proj.bias
2026-04-06 19:19:12,509 WARNING:   encoder.blocks.3.block.proj.weight
2026-04-06 19:19:12,509 WARNING:   encoder.blocks.3.monaOp.projector.bias
2026-04-06 19:19:12,509 WARNING:   encoder.blocks.3.monaOp.projector.weight
2026-04-06 19:19:12,509 WARNING:   encoder.blocks.3.monaOp.prompt
2026-04-06 19:19:12,509 WARNING:   encoder.blocks.3.monaOp.top_down_transform
2026-04-06 19:19:12,510 WARNING:   encoder.blocks.4.block.attn.proj.bias
2026-04-06 19:19:12,510 WARNING:   encoder.blocks.4.block.attn.proj.weight
2026-04-06 19:19:12,510 WARNING:   encoder.blocks.4.block.attn.qkv.bias
2026-04-06 19:19:12,510 WARNING:   encoder.blocks.4.block.attn.qkv.weight
2026-04-06 19:19:12,510 WARNING:   encoder.blocks.4.block.mlp.layers.0.bias
2026-04-06 19:19:12,511 WARNING:   encoder.blocks.4.block.mlp.layers.0.weight
2026-04-06 19:19:12,511 WARNING:   encoder.blocks.4.block.mlp.layers.1.bias
2026-04-06 19:19:12,511 WARNING:   encoder.blocks.4.block.mlp.layers.1.weight
2026-04-06 19:19:12,511 WARNING:   encoder.blocks.4.block.norm1.bias
2026-04-06 19:19:12,512 WARNING:   encoder.blocks.4.block.norm1.weight
2026-04-06 19:19:12,512 WARNING:   encoder.blocks.4.block.norm2.bias
2026-04-06 19:19:12,512 WARNING:   encoder.blocks.4.block.norm2.weight
2026-04-06 19:19:12,512 WARNING:   encoder.blocks.4.monaOp.projector.bias
2026-04-06 19:19:12,513 WARNING:   encoder.blocks.4.monaOp.projector.weight
2026-04-06 19:19:12,513 WARNING:   encoder.blocks.4.monaOp.prompt
2026-04-06 19:19:12,513 WARNING:   encoder.blocks.4.monaOp.top_down_transform
2026-04-06 19:19:12,513 WARNING:   encoder.blocks.5.block.attn.proj.bias
2026-04-06 19:19:12,513 WARNING:   encoder.blocks.5.block.attn.proj.weight
2026-04-06 19:19:12,514 WARNING:   encoder.blocks.5.block.attn.qkv.bias
2026-04-06 19:19:12,514 WARNING:   encoder.blocks.5.block.attn.qkv.weight
2026-04-06 19:19:12,514 WARNING:   encoder.blocks.5.block.mlp.layers.0.bias
2026-04-06 19:19:12,514 WARNING:   encoder.blocks.5.block.mlp.layers.0.weight
2026-04-06 19:19:12,515 WARNING:   encoder.blocks.5.block.mlp.layers.1.bias
2026-04-06 19:19:12,515 WARNING:   encoder.blocks.5.block.mlp.layers.1.weight
2026-04-06 19:19:12,515 WARNING:   encoder.blocks.5.block.norm1.bias
2026-04-06 19:19:12,515 WARNING:   encoder.blocks.5.block.norm1.weight
2026-04-06 19:19:12,515 WARNING:   encoder.blocks.5.block.norm2.bias
2026-04-06 19:19:12,515 WARNING:   encoder.blocks.5.block.norm2.weight
2026-04-06 19:19:12,516 WARNING:   encoder.blocks.5.monaOp.projector.bias
2026-04-06 19:19:12,516 WARNING:   encoder.blocks.5.monaOp.projector.weight
2026-04-06 19:19:12,516 WARNING:   encoder.blocks.5.monaOp.prompt
2026-04-06 19:19:12,516 WARNING:   encoder.blocks.5.monaOp.top_down_transform
2026-04-06 19:19:12,516 WARNING:   encoder.blocks.6.block.attn.proj.bias
2026-04-06 19:19:12,517 WARNING:   encoder.blocks.6.block.attn.proj.weight
2026-04-06 19:19:12,517 WARNING:   encoder.blocks.6.block.attn.qkv.bias
2026-04-06 19:19:12,517 WARNING:   encoder.blocks.6.block.attn.qkv.weight
2026-04-06 19:19:12,517 WARNING:   encoder.blocks.6.block.mlp.layers.0.bias
2026-04-06 19:19:12,517 WARNING:   encoder.blocks.6.block.mlp.layers.0.weight
2026-04-06 19:19:12,518 WARNING:   encoder.blocks.6.block.mlp.layers.1.bias
2026-04-06 19:19:12,518 WARNING:   encoder.blocks.6.block.mlp.layers.1.weight
2026-04-06 19:19:12,518 WARNING:   encoder.blocks.6.block.norm1.bias
2026-04-06 19:19:12,518 WARNING:   encoder.blocks.6.block.norm1.weight
2026-04-06 19:19:12,518 WARNING:   encoder.blocks.6.block.norm2.bias
2026-04-06 19:19:12,518 WARNING:   encoder.blocks.6.block.norm2.weight
2026-04-06 19:19:12,519 WARNING:   encoder.blocks.6.monaOp.projector.bias
2026-04-06 19:19:12,519 WARNING:   encoder.blocks.6.monaOp.projector.weight
2026-04-06 19:19:12,519 WARNING:   encoder.blocks.6.monaOp.prompt
2026-04-06 19:19:12,519 WARNING:   encoder.blocks.6.monaOp.top_down_transform
2026-04-06 19:19:12,519 WARNING:   encoder.blocks.7.block.attn.proj.bias
2026-04-06 19:19:12,520 WARNING:   encoder.blocks.7.block.attn.proj.weight
2026-04-06 19:19:12,520 WARNING:   encoder.blocks.7.block.attn.qkv.bias
2026-04-06 19:19:12,520 WARNING:   encoder.blocks.7.block.attn.qkv.weight
2026-04-06 19:19:12,520 WARNING:   encoder.blocks.7.block.mlp.layers.0.bias
2026-04-06 19:19:12,520 WARNING:   encoder.blocks.7.block.mlp.layers.0.weight
2026-04-06 19:19:12,521 WARNING:   encoder.blocks.7.block.mlp.layers.1.bias
2026-04-06 19:19:12,521 WARNING:   encoder.blocks.7.block.mlp.layers.1.weight
2026-04-06 19:19:12,521 WARNING:   encoder.blocks.7.block.norm1.bias
2026-04-06 19:19:12,521 WARNING:   encoder.blocks.7.block.norm1.weight
2026-04-06 19:19:12,521 WARNING:   encoder.blocks.7.block.norm2.bias
2026-04-06 19:19:12,521 WARNING:   encoder.blocks.7.block.norm2.weight
2026-04-06 19:19:12,522 WARNING:   encoder.blocks.7.monaOp.projector.bias
2026-04-06 19:19:12,522 WARNING:   encoder.blocks.7.monaOp.projector.weight
2026-04-06 19:19:12,522 WARNING:   encoder.blocks.7.monaOp.prompt
2026-04-06 19:19:12,522 WARNING:   encoder.blocks.7.monaOp.top_down_transform
2026-04-06 19:19:12,522 WARNING:   encoder.blocks.8.block.attn.proj.bias
2026-04-06 19:19:12,522 WARNING:   encoder.blocks.8.block.attn.proj.weight
2026-04-06 19:19:12,523 WARNING:   encoder.blocks.8.block.attn.qkv.bias
2026-04-06 19:19:12,523 WARNING:   encoder.blocks.8.block.attn.qkv.weight
2026-04-06 19:19:12,523 WARNING:   encoder.blocks.8.block.mlp.layers.0.bias
2026-04-06 19:19:12,523 WARNING:   encoder.blocks.8.block.mlp.layers.0.weight
2026-04-06 19:19:12,523 WARNING:   encoder.blocks.8.block.mlp.layers.1.bias
2026-04-06 19:19:12,524 WARNING:   encoder.blocks.8.block.mlp.layers.1.weight
2026-04-06 19:19:12,524 WARNING:   encoder.blocks.8.block.norm1.bias
2026-04-06 19:19:12,524 WARNING:   encoder.blocks.8.block.norm1.weight
2026-04-06 19:19:12,524 WARNING:   encoder.blocks.8.block.norm2.bias
2026-04-06 19:19:12,524 WARNING:   encoder.blocks.8.block.norm2.weight
2026-04-06 19:19:12,525 WARNING:   encoder.blocks.8.monaOp.projector.bias
2026-04-06 19:19:12,525 WARNING:   encoder.blocks.8.monaOp.projector.weight
2026-04-06 19:19:12,525 WARNING:   encoder.blocks.8.monaOp.prompt
2026-04-06 19:19:12,525 WARNING:   encoder.blocks.8.monaOp.top_down_transform
2026-04-06 19:19:12,525 WARNING:   encoder.blocks.9.block.attn.proj.bias
2026-04-06 19:19:12,526 WARNING:   encoder.blocks.9.block.attn.proj.weight
2026-04-06 19:19:12,526 WARNING:   encoder.blocks.9.block.attn.qkv.bias
2026-04-06 19:19:12,526 WARNING:   encoder.blocks.9.block.attn.qkv.weight
2026-04-06 19:19:12,526 WARNING:   encoder.blocks.9.block.mlp.layers.0.bias
2026-04-06 19:19:12,527 WARNING:   encoder.blocks.9.block.mlp.layers.0.weight
2026-04-06 19:19:12,527 WARNING:   encoder.blocks.9.block.mlp.layers.1.bias
2026-04-06 19:19:12,527 WARNING:   encoder.blocks.9.block.mlp.layers.1.weight
2026-04-06 19:19:12,528 WARNING:   encoder.blocks.9.block.norm1.bias
2026-04-06 19:19:12,528 WARNING:   encoder.blocks.9.block.norm1.weight
2026-04-06 19:19:12,528 WARNING:   encoder.blocks.9.block.norm2.bias
2026-04-06 19:19:12,528 WARNING:   encoder.blocks.9.block.norm2.weight
2026-04-06 19:19:12,529 WARNING:   encoder.blocks.9.monaOp.projector.bias
2026-04-06 19:19:12,529 WARNING:   encoder.blocks.9.monaOp.projector.weight
2026-04-06 19:19:12,529 WARNING:   encoder.blocks.9.monaOp.prompt
2026-04-06 19:19:12,529 WARNING:   encoder.blocks.9.monaOp.top_down_transform
2026-04-06 19:19:12,530 WARNING:   encoder.patch_embed.proj.bias
2026-04-06 19:19:12,530 WARNING:   encoder.patch_embed.proj.weight
2026-04-06 19:19:12,530 WARNING:   encoder.pos_embed
2026-04-06 19:19:12,530 WARNING:   encoder.pos_embed_window
2026-04-06 19:19:12,547 INFO: load pretrained network from: /mnt/c/users/ThinkPad/my_own_files/work/projects/paper/IRSTD/projects/SAMamba-main/models/net_best_irstd.pth
2026-04-06 19:19:12,548 INFO: training from epoch: 1
